2026-06-10T08:00:00Z level=INFO event=osint actor="Yao Kouassi" item=J01 statut=normal note="activité de mission conforme au cadrage"
2026-06-10T08:07:13Z level=INFO event=validation_web actor="Yao Kouassi" item=J02 statut=normal note="activité de mission conforme au cadrage"
2026-06-10T08:14:26Z level=INFO event=relecture actor="Mariam Diallo" item=J03 statut=normal note="activité de mission conforme au cadrage"
2026-06-10T08:21:39Z level=INFO event=relecture actor="Mariam Diallo" item=J04 statut=normal note="activité de mission conforme au cadrage"
2026-06-10T08:28:52Z level=INFO event=scan actor="Yao Kouassi" item=J05 statut=normal note="activité de mission conforme au cadrage"
2026-06-10T08:35:05Z level=INFO event=capture actor="Mariam Diallo" item=J06 statut=normal note="activité de mission conforme au cadrage"
2026-06-10T08:42:18Z level=INFO event=capture actor="Mariam Diallo" item=J07 statut=normal note="activité de mission conforme au cadrage"
2026-06-10T08:49:31Z level=INFO event=osint actor="Mariam Diallo" item=J08 statut=normal note="activité de mission conforme au cadrage"
2026-06-10T08:56:44Z level=INFO event=scan actor="Yao Kouassi" item=J09 statut=normal note="activité de mission conforme au cadrage"
2026-06-10T08:03:57Z level=INFO event=relecture actor="Mariam Diallo" item=J10 statut=normal note="activité de mission conforme au cadrage"
2026-06-10T08:10:10Z level=INFO event=scan actor="Yao Kouassi" item=J11 statut=normal note="activité de mission conforme au cadrage"
2026-06-10T08:17:23Z level=INFO event=briefing actor="Yao Kouassi" item=J12 statut=normal note="activité de mission conforme au cadrage"
2026-06-10T08:24:36Z level=INFO event=briefing actor="Mariam Diallo" item=J13 statut=normal note="activité de mission conforme au cadrage"
2026-06-10T08:31:49Z level=INFO event=capture actor="Mariam Diallo" item=J14 statut=normal note="activité de mission conforme au cadrage"
2026-06-10T08:38:02Z level=INFO event=scan actor="Mariam Diallo" item=J15 statut=normal note="activité de mission conforme au cadrage"
2026-06-10T08:45:15Z level=INFO event=relecture actor="Yao Kouassi" item=J16 statut=normal note="activité de mission conforme au cadrage"
2026-06-10T08:52:28Z level=INFO event=scan actor="Mariam Diallo" item=J17 statut=normal note="activité de mission conforme au cadrage"
2026-06-10T08:59:41Z level=INFO event=capture actor="Mariam Diallo" item=J18 statut=normal note="activité de mission conforme au cadrage"
2026-06-10T09:06:54Z level=INFO event=note actor="Mariam Diallo" item=J19 statut=normal note="activité de mission conforme au cadrage"
2026-06-10T09:13:07Z level=INFO event=osint actor="Mariam Diallo" item=J20 statut=normal note="activité de mission conforme au cadrage"
2026-06-10T09:20:20Z level=INFO event=osint actor="Mariam Diallo" item=J21 statut=normal note="activité de mission conforme au cadrage"
2026-06-10T09:27:33Z level=INFO event=note actor="Yao Kouassi" item=J22 statut=normal note="activité de mission conforme au cadrage"
2026-06-10T09:34:46Z level=INFO event=scan actor="Mariam Diallo" item=J23 statut=normal note="activité de mission conforme au cadrage"
2026-06-10T09:41:59Z level=INFO event=briefing actor="Mariam Diallo" item=J24 statut=normal note="activité de mission conforme au cadrage"
2026-06-10T09:48:12Z level=INFO event=note actor="Yao Kouassi" item=J25 statut=normal note="activité de mission conforme au cadrage"
2026-06-10T09:55:25Z level=INFO event=capture actor="Mariam Diallo" item=J26 statut=normal note="activité de mission conforme au cadrage"
2026-06-10T09:02:38Z level=INFO event=capture actor="Yao Kouassi" item=J27 statut=normal note="activité de mission conforme au cadrage"
2026-06-10T09:09:51Z level=INFO event=osint actor="Mariam Diallo" item=J28 statut=normal note="activité de mission conforme au cadrage"
2026-06-10T09:16:04Z level=INFO event=capture actor="Mariam Diallo" item=J29 statut=normal note="activité de mission conforme au cadrage"
2026-06-10T09:23:17Z level=INFO event=relecture actor="Yao Kouassi" item=J30 statut=normal note="activité de mission conforme au cadrage"
2026-06-10T09:30:30Z level=INFO event=note actor="Yao Kouassi" item=J31 statut=normal note="activité de mission conforme au cadrage"
2026-06-10T09:37:43Z level=INFO event=briefing actor="Yao Kouassi" item=J32 statut=normal note="activité de mission conforme au cadrage"
2026-06-10T09:44:56Z level=INFO event=validation_web actor="Yao Kouassi" item=J33 statut=normal note="activité de mission conforme au cadrage"
2026-06-10T09:51:09Z level=INFO event=briefing actor="Yao Kouassi" item=J34 statut=normal note="activité de mission conforme au cadrage"
2026-06-10T09:58:22Z level=INFO event=scan actor="Mariam Diallo" item=J35 statut=normal note="activité de mission conforme au cadrage"
2026-06-10T09:05:35Z level=INFO event=validation_web actor="Yao Kouassi" item=J36 statut=normal note="activité de mission conforme au cadrage"
2026-06-10T10:12:48Z level=INFO event=briefing actor="Mariam Diallo" item=J37 statut=normal note="activité de mission conforme au cadrage"
2026-06-10T10:19:01Z level=INFO event=note actor="Mariam Diallo" item=J38 statut=normal note="activité de mission conforme au cadrage"
2026-06-10T10:26:14Z level=INFO event=scan actor="Mariam Diallo" item=J39 statut=normal note="activité de mission conforme au cadrage"
2026-06-10T10:33:27Z level=INFO event=note actor="Mariam Diallo" item=J40 statut=normal note="activité de mission conforme au cadrage"
2026-06-10T10:40:40Z level=INFO event=validation_web actor="Mariam Diallo" item=J41 statut=normal note="activité de mission conforme au cadrage"
2026-06-10T10:47:53Z level=INFO event=briefing actor="Mariam Diallo" item=J42 statut=normal note="activité de mission conforme au cadrage"
2026-06-10T10:54:06Z level=INFO event=briefing actor="Yao Kouassi" item=J43 statut=normal note="activité de mission conforme au cadrage"
2026-06-10T10:01:19Z level=INFO event=note actor="Mariam Diallo" item=J44 statut=normal note="activité de mission conforme au cadrage"
2026-06-10T10:08:32Z level=INFO event=validation_web actor="Yao Kouassi" item=J45 statut=normal note="activité de mission conforme au cadrage"
2026-06-10T10:15:45Z level=INFO event=capture actor="Mariam Diallo" item=J46 statut=normal note="activité de mission conforme au cadrage"
2026-06-10T10:22:58Z level=INFO event=capture actor="Mariam Diallo" item=J47 statut=normal note="activité de mission conforme au cadrage"
2026-06-10T10:29:11Z level=INFO event=briefing actor="Mariam Diallo" item=J48 statut=normal note="activité de mission conforme au cadrage"
2026-06-10T10:36:24Z level=INFO event=relecture actor="Yao Kouassi" item=J49 statut=normal note="activité de mission conforme au cadrage"
2026-06-10T10:43:37Z level=INFO event=briefing actor="Yao Kouassi" item=J50 statut=normal note="activité de mission conforme au cadrage"
2026-06-10T10:50:50Z level=INFO event=osint actor="Mariam Diallo" item=J51 statut=normal note="activité de mission conforme au cadrage"
2026-06-10T10:57:03Z level=INFO event=relecture actor="Yao Kouassi" item=J52 statut=normal note="activité de mission conforme au cadrage"
2026-06-10T10:04:16Z level=INFO event=scan actor="Mariam Diallo" item=J53 statut=normal note="activité de mission conforme au cadrage"
2026-06-10T10:11:29Z level=INFO event=relecture actor="Yao Kouassi" item=J54 statut=normal note="activité de mission conforme au cadrage"
2026-06-10T11:18:42Z level=INFO event=capture actor="Yao Kouassi" item=J55 statut=normal note="activité de mission conforme au cadrage"
2026-06-10T11:25:55Z level=INFO event=osint actor="Yao Kouassi" item=J56 statut=normal note="activité de mission conforme au cadrage"
2026-06-10T11:32:08Z level=INFO event=validation_web actor="Yao Kouassi" item=J57 statut=normal note="activité de mission conforme au cadrage"
2026-06-10T11:39:21Z level=INFO event=note actor="Mariam Diallo" item=J58 statut=normal note="activité de mission conforme au cadrage"
2026-06-10T11:46:34Z level=INFO event=osint actor="Mariam Diallo" item=J59 statut=normal note="activité de mission conforme au cadrage"
2026-06-10T11:53:47Z level=INFO event=scan actor="Mariam Diallo" item=J60 statut=normal note="activité de mission conforme au cadrage"
2026-06-10T11:00:00Z level=INFO event=validation_web actor="Mariam Diallo" item=J61 statut=normal note="activité de mission conforme au cadrage"
2026-06-10T11:07:13Z level=INFO event=osint actor="Mariam Diallo" item=J62 statut=normal note="activité de mission conforme au cadrage"
2026-06-10T11:14:26Z level=INFO event=osint actor="Yao Kouassi" item=J63 statut=normal note="activité de mission conforme au cadrage"
2026-06-10T11:21:39Z level=INFO event=briefing actor="Yao Kouassi" item=J64 statut=normal note="activité de mission conforme au cadrage"
2026-06-10T11:28:52Z level=INFO event=note actor="Yao Kouassi" item=J65 statut=normal note="activité de mission conforme au cadrage"
2026-06-10T11:35:05Z level=INFO event=capture actor="Mariam Diallo" item=J66 statut=normal note="activité de mission conforme au cadrage"
2026-06-10T11:42:18Z level=INFO event=osint actor="Mariam Diallo" item=J67 statut=normal note="activité de mission conforme au cadrage"
2026-06-10T11:49:31Z level=INFO event=scan actor="Mariam Diallo" item=J68 statut=normal note="activité de mission conforme au cadrage"
2026-06-10T11:56:44Z level=INFO event=osint actor="Yao Kouassi" item=J69 statut=normal note="activité de mission conforme au cadrage"
2026-06-10T11:03:57Z level=INFO event=relecture actor="Yao Kouassi" item=J70 statut=normal note="activité de mission conforme au cadrage"
2026-06-11T11:10:10Z level=INFO event=scan actor="Mariam Diallo" item=J71 statut=normal note="activité de mission conforme au cadrage"
2026-06-11T11:17:23Z level=INFO event=briefing actor="Yao Kouassi" item=J72 statut=normal note="activité de mission conforme au cadrage"
2026-06-11T12:24:36Z level=INFO event=briefing actor="Mariam Diallo" item=J73 statut=normal note="activité de mission conforme au cadrage"
2026-06-11T12:31:49Z level=INFO event=capture actor="Yao Kouassi" item=J74 statut=normal note="activité de mission conforme au cadrage"
2026-06-11T12:38:02Z level=INFO event=capture actor="Yao Kouassi" item=J75 statut=normal note="activité de mission conforme au cadrage"
2026-06-11T12:45:15Z level=INFO event=validation_web actor="Yao Kouassi" item=J76 statut=normal note="activité de mission conforme au cadrage"
2026-06-11T12:52:28Z level=INFO event=osint actor="Yao Kouassi" item=J77 statut=normal note="activité de mission conforme au cadrage"
2026-06-11T12:59:41Z level=INFO event=validation_web actor="Yao Kouassi" item=J78 statut=normal note="activité de mission conforme au cadrage"
2026-06-11T12:06:54Z level=INFO event=briefing actor="Yao Kouassi" item=J79 statut=normal note="activité de mission conforme au cadrage"
2026-06-11T12:13:07Z level=INFO event=capture actor="Mariam Diallo" item=J80 statut=normal note="activité de mission conforme au cadrage"
2026-06-11T12:20:20Z level=INFO event=relecture actor="Yao Kouassi" item=J81 statut=normal note="activité de mission conforme au cadrage"
2026-06-11T12:27:33Z level=INFO event=note actor="Mariam Diallo" item=J82 statut=normal note="activité de mission conforme au cadrage"
2026-06-11T12:34:46Z level=INFO event=osint actor="Mariam Diallo" item=J83 statut=normal note="activité de mission conforme au cadrage"
2026-06-11T12:41:59Z level=INFO event=briefing actor="Mariam Diallo" item=J84 statut=normal note="activité de mission conforme au cadrage"
2026-06-11T12:48:12Z level=INFO event=capture actor="Yao Kouassi" item=J85 statut=normal note="activité de mission conforme au cadrage"
2026-06-11T12:55:25Z level=INFO event=note actor="Mariam Diallo" item=J86 statut=normal note="activité de mission conforme au cadrage"
2026-06-11T12:02:38Z level=INFO event=relecture actor="Yao Kouassi" item=J87 statut=normal note="activité de mission conforme au cadrage"
2026-06-11T12:09:51Z level=INFO event=validation_web actor="Yao Kouassi" item=J88 statut=normal note="activité de mission conforme au cadrage"
2026-06-11T12:16:04Z level=INFO event=validation_web actor="Mariam Diallo" item=J89 statut=normal note="activité de mission conforme au cadrage"
2026-06-11T12:23:17Z level=INFO event=note actor="Yao Kouassi" item=J90 statut=normal note="activité de mission conforme au cadrage"
2026-06-11T13:30:30Z level=INFO event=scan actor="Yao Kouassi" item=J91 statut=normal note="activité de mission conforme au cadrage"
2026-06-11T13:37:43Z level=INFO event=briefing actor="Mariam Diallo" item=J92 statut=normal note="activité de mission conforme au cadrage"
2026-06-11T13:44:56Z level=INFO event=osint actor="Mariam Diallo" item=J93 statut=normal note="activité de mission conforme au cadrage"
2026-06-11T13:51:09Z level=INFO event=note actor="Yao Kouassi" item=J94 statut=normal note="activité de mission conforme au cadrage"
2026-06-11T13:58:22Z level=INFO event=note actor="Mariam Diallo" item=J95 statut=normal note="activité de mission conforme au cadrage"
2026-06-11T13:05:35Z level=INFO event=relecture actor="Yao Kouassi" item=J96 statut=normal note="activité de mission conforme au cadrage"
2026-06-11T13:12:48Z level=INFO event=capture actor="Mariam Diallo" item=J97 statut=normal note="activité de mission conforme au cadrage"
2026-06-11T13:19:01Z level=INFO event=capture actor="Mariam Diallo" item=J98 statut=normal note="activité de mission conforme au cadrage"
2026-06-11T13:26:14Z level=INFO event=capture actor="Mariam Diallo" item=J99 statut=normal note="activité de mission conforme au cadrage"
2026-06-11T13:33:27Z level=INFO event=osint actor="Yao Kouassi" item=J100 statut=normal note="activité de mission conforme au cadrage"
2026-06-11T13:40:40Z level=INFO event=validation_web actor="Yao Kouassi" item=J101 statut=normal note="activité de mission conforme au cadrage"
2026-06-11T13:47:53Z level=INFO event=osint actor="Mariam Diallo" item=J102 statut=normal note="activité de mission conforme au cadrage"
2026-06-11T13:54:06Z level=INFO event=briefing actor="Yao Kouassi" item=J103 statut=normal note="activité de mission conforme au cadrage"
2026-06-11T13:01:19Z level=INFO event=capture actor="Yao Kouassi" item=J104 statut=normal note="activité de mission conforme au cadrage"
2026-06-11T13:08:32Z level=INFO event=briefing actor="Yao Kouassi" item=J105 statut=normal note="activité de mission conforme au cadrage"
2026-06-11T13:15:45Z level=INFO event=validation_web actor="Mariam Diallo" item=J106 statut=normal note="activité de mission conforme au cadrage"
2026-06-11T13:22:58Z level=INFO event=relecture actor="Mariam Diallo" item=J107 statut=normal note="activité de mission conforme au cadrage"
2026-06-11T13:29:11Z level=INFO event=capture actor="Mariam Diallo" item=J108 statut=normal note="activité de mission conforme au cadrage"
2026-06-11T14:36:24Z level=INFO event=briefing actor="Yao Kouassi" item=J109 statut=normal note="activité de mission conforme au cadrage"
2026-06-11T14:43:37Z level=INFO event=scan actor="Yao Kouassi" item=J110 statut=normal note="activité de mission conforme au cadrage"
2026-06-11T14:50:50Z level=INFO event=scan actor="Yao Kouassi" item=J111 statut=normal note="activité de mission conforme au cadrage"
2026-06-11T14:57:03Z level=INFO event=osint actor="Mariam Diallo" item=J112 statut=normal note="activité de mission conforme au cadrage"
2026-06-11T14:04:16Z level=INFO event=scan actor="Mariam Diallo" item=J113 statut=normal note="activité de mission conforme au cadrage"
2026-06-11T14:11:29Z level=INFO event=osint actor="Mariam Diallo" item=J114 statut=normal note="activité de mission conforme au cadrage"
2026-06-11T14:18:42Z level=INFO event=scan actor="Yao Kouassi" item=J115 statut=normal note="activité de mission conforme au cadrage"
2026-06-11T14:25:55Z level=INFO event=capture actor="Mariam Diallo" item=J116 statut=normal note="activité de mission conforme au cadrage"
2026-06-11T14:32:08Z level=INFO event=scan actor="Mariam Diallo" item=J117 statut=normal note="activité de mission conforme au cadrage"
2026-06-11T14:39:21Z level=INFO event=relecture actor="Mariam Diallo" item=J118 statut=normal note="activité de mission conforme au cadrage"
2026-06-11T14:46:34Z level=INFO event=relecture actor="Yao Kouassi" item=J119 statut=normal note="activité de mission conforme au cadrage"
2026-06-11T14:53:47Z level=INFO event=note actor="Yao Kouassi" item=J120 statut=normal note="activité de mission conforme au cadrage"
2026-06-11T14:00:00Z level=INFO event=validation_web actor="Mariam Diallo" item=J121 statut=normal note="activité de mission conforme au cadrage"
2026-06-11T14:07:13Z level=INFO event=relecture actor="Yao Kouassi" item=J122 statut=normal note="activité de mission conforme au cadrage"
2026-06-11T14:14:26Z level=INFO event=validation_web actor="Yao Kouassi" item=J123 statut=normal note="activité de mission conforme au cadrage"
2026-06-11T14:21:39Z level=INFO event=osint actor="Mariam Diallo" item=J124 statut=normal note="activité de mission conforme au cadrage"
2026-06-11T14:28:52Z level=INFO event=validation_web actor="Yao Kouassi" item=J125 statut=normal note="activité de mission conforme au cadrage"
2026-06-11T14:35:05Z level=INFO event=relecture actor="Yao Kouassi" item=J126 statut=normal note="activité de mission conforme au cadrage"
2026-06-11T15:42:18Z level=INFO event=briefing actor="Yao Kouassi" item=J127 statut=normal note="activité de mission conforme au cadrage"
2026-06-11T15:49:31Z level=INFO event=briefing actor="Mariam Diallo" item=J128 statut=normal note="activité de mission conforme au cadrage"
2026-06-11T15:56:44Z level=INFO event=scan actor="Mariam Diallo" item=J129 statut=normal note="activité de mission conforme au cadrage"
2026-06-11T15:03:57Z level=INFO event=capture actor="Mariam Diallo" item=J130 statut=normal note="activité de mission conforme au cadrage"
2026-06-11T15:10:10Z level=INFO event=briefing actor="Mariam Diallo" item=J131 statut=normal note="activité de mission conforme au cadrage"
2026-06-11T15:17:23Z level=INFO event=osint actor="Yao Kouassi" item=J132 statut=normal note="activité de mission conforme au cadrage"
2026-06-11T15:24:36Z level=INFO event=relecture actor="Yao Kouassi" item=J133 statut=normal note="activité de mission conforme au cadrage"
2026-06-11T15:31:49Z level=INFO event=osint actor="Yao Kouassi" item=J134 statut=normal note="activité de mission conforme au cadrage"
2026-06-11T15:38:02Z level=INFO event=capture actor="Yao Kouassi" item=J135 statut=normal note="activité de mission conforme au cadrage"
2026-06-11T15:45:15Z level=INFO event=validation_web actor="Mariam Diallo" item=J136 statut=normal note="activité de mission conforme au cadrage"
2026-06-11T15:52:28Z level=INFO event=capture actor="Mariam Diallo" item=J137 statut=normal note="activité de mission conforme au cadrage"
2026-06-11T15:59:41Z level=INFO event=validation_web actor="Yao Kouassi" item=J138 statut=normal note="activité de mission conforme au cadrage"
2026-06-11T15:06:54Z level=INFO event=briefing actor="Mariam Diallo" item=J139 statut=normal note="activité de mission conforme au cadrage"
2026-06-11T15:13:07Z level=INFO event=scan actor="Yao Kouassi" item=J140 statut=normal note="activité de mission conforme au cadrage"
2026-06-12T15:20:20Z level=INFO event=briefing actor="Mariam Diallo" item=J141 statut=normal note="activité de mission conforme au cadrage"
2026-06-12T15:27:33Z level=INFO event=capture actor="Yao Kouassi" item=J142 statut=normal note="activité de mission conforme au cadrage"
2026-06-12T15:34:46Z level=INFO event=relecture actor="Yao Kouassi" item=J143 statut=normal note="activité de mission conforme au cadrage"
2026-06-12T15:41:59Z level=INFO event=briefing actor="Yao Kouassi" item=J144 statut=normal note="activité de mission conforme au cadrage"
2026-06-12T16:48:12Z level=INFO event=relecture actor="Yao Kouassi" item=J145 statut=normal note="activité de mission conforme au cadrage"
2026-06-12T16:55:25Z level=INFO event=scan actor="Yao Kouassi" item=J146 statut=normal note="activité de mission conforme au cadrage"
2026-06-12T16:02:38Z level=INFO event=scan actor="Mariam Diallo" item=J147 statut=normal note="activité de mission conforme au cadrage"
2026-06-12T16:09:51Z level=INFO event=scan actor="Yao Kouassi" item=J148 statut=normal note="activité de mission conforme au cadrage"
2026-06-12T16:16:04Z level=INFO event=note actor="Yao Kouassi" item=J149 statut=normal note="activité de mission conforme au cadrage"
2026-06-12T16:23:17Z level=INFO event=scan actor="Yao Kouassi" item=J150 statut=normal note="activité de mission conforme au cadrage"
2026-06-12T16:30:30Z level=INFO event=note actor="Mariam Diallo" item=J151 statut=normal note="activité de mission conforme au cadrage"
2026-06-12T16:37:43Z level=INFO event=relecture actor="Yao Kouassi" item=J152 statut=normal note="activité de mission conforme au cadrage"
2026-06-12T16:44:56Z level=INFO event=validation_web actor="Yao Kouassi" item=J153 statut=normal note="activité de mission conforme au cadrage"
2026-06-12T16:51:09Z level=INFO event=osint actor="Yao Kouassi" item=J154 statut=normal note="activité de mission conforme au cadrage"
2026-06-12T16:58:22Z level=INFO event=relecture actor="Yao Kouassi" item=J155 statut=normal note="activité de mission conforme au cadrage"
2026-06-12T16:05:35Z level=INFO event=scan actor="Mariam Diallo" item=J156 statut=normal note="activité de mission conforme au cadrage"
2026-06-12T16:12:48Z level=INFO event=briefing actor="Yao Kouassi" item=J157 statut=normal note="activité de mission conforme au cadrage"
2026-06-12T16:19:01Z level=INFO event=scan actor="Mariam Diallo" item=J158 statut=normal note="activité de mission conforme au cadrage"
2026-06-11T17:42:16Z level=WARN event=roe_ecart actor="Yao Kouassi" item=E01 qualification=ecart type=hors_fenetre note="lecture d’un export cinq minutes après la fenêtre sans requête supplémentaire"
2026-06-13T16:08:03Z level=WARN event=roe_ecart actor="Yao Kouassi" item=E02 qualification=ecart type=piece_jointe_non_utile note="capture supprimée ensuite car hors besoin de preuve"
2026-06-15T09:14:28Z level=WARN event=roe_ecart actor="Mariam Diallo" item=E03 qualification=ecart type=suivi_tardif note="validation notée avant le contact client puis régularisée"
2026-06-18T14:06:21Z level=INFO event=nettoyage actor="Yao Kouassi" item=N01 statut=ferme artefact="capture-headers-w04.json" note="capture temporaire supprimée du poste de mission"
2026-06-18T14:18:04Z level=INFO event=nettoyage actor="Yao Kouassi" item=N02 statut=ferme artefact="tableau-comparatif-osint.csv" note="fichier de travail archivé dans le dossier client"
2026-06-18T14:34:12Z level=INFO event=nettoyage actor="Mariam Diallo" item=N03 statut=ferme artefact="capture-export-bc1043.pdf" note="copie de preuve anonymisée et version locale supprimée"
2026-06-19T08:51:40Z level=WARN event=nettoyage actor="Mariam Diallo" item=N04 statut=ouvert artefact="compte-demo-stock-02" note="désactivation du compte de démonstration stock encore à confirmer côté client"
2026-06-17T11:27:09Z level=INFO event=qualification actor="Yao Kouassi" item=H02 source=journal note="un appel unique vers un sous-domaine interne a été vu depuis le composant stock" preuve=unique_capture corroboration=absente
