J01 | 2026-06-15T07:58:41Z | Yao Kouassi | inventaire-manuel-cibles | vpn.sahel-vert.example | UTC=2026-06-15T07:58:41Z ; cible=vpn.sahel-vert.example ; extrait=entete-vpn ; commande=lecture-head | notification=NOTIF-200 ; phase=ouverture
J02 | 2026-06-15T08:03:47.177Z | Yao Kouassi | lecture-entete-http | www.sahel-vert.example | UTC=2026-06-15T08:03:47.177Z ; cible=www.sahel-vert.example ; extrait=preuve-01 ; commande=controle-demo-2 | phase=triage ; ticket=PM-201 ; observation=bruit-normal
J03 | 2026-06-15T08:17:07.207Z | Yao Kouassi | revue-certificat | portail.sahel-vert.example | UTC=2026-06-15T08:17:07.207Z ; cible=portail.sahel-vert.example ; extrait=preuve-02 ; commande=controle-demo-3 | phase=preuve ; ticket=PM-204 ; observation=point-de-controle
J04 | 2026-06-15T08:30:33.323Z | Yao Kouassi | controle-version-service | mail.sahel-vert.example | UTC=2026-06-15T08:30:33.323Z ; cible=mail.sahel-vert.example ; extrait=preuve-03 ; commande=controle-demo-4 | phase=revue ; ticket=PM-207 ; observation=constat-a-confirmer
J05 | 2026-06-15T08:40:48.254Z | Yao Kouassi | verification-redirect | vpn.sahel-vert.example | UTC=2026-06-15T08:40:48.254Z ; cible=vpn.sahel-vert.example ; extrait=preuve-04 ; commande=controle-demo-1 | phase=journal ; ticket=PM-210 ; observation=note-administrative
J06 | 2026-06-15T08:54:53.975Z | Yao Kouassi | revue-formulaire-contact | stock.sahel-vert.example | UTC=2026-06-15T08:54:53.975Z ; cible=stock.sahel-vert.example ; extrait=preuve-05 ; commande=controle-demo-2 | phase=triage ; ticket=PM-201 ; observation=bruit-normal
J07 | 2026-06-15T09:06:20.068Z | Yao Kouassi | lecture-journal-applicatif | paie.sahel-vert.example | UTC=2026-06-15T09:06:20.068Z ; cible=paie.sahel-vert.example ; extrait=preuve-06 ; commande=controle-demo-3 | phase=preuve ; ticket=PM-204 ; observation=point-de-controle
J08 | 2026-06-15T09:12:22Z | Yao Kouassi | revue-entete-http | www.sahel-vert.example | cible=www.sahel-vert.example ; extrait=entête-200 ; commande=lecture-head | ticket=PM-214 ; observation=preuve-a-completer
J09 | 2026-06-15T09:16:32.217Z | Yao Kouassi | controle-reponse-403 | www.sahel-vert.example | UTC=2026-06-15T09:16:32.217Z ; cible=www.sahel-vert.example ; extrait=preuve-07 ; commande=controle-demo-4 | phase=revue ; ticket=PM-207 ; observation=constat-a-confirmer
J10 | 2026-06-15T09:30:06.298Z | Yao Kouassi | revue-indexation | portail.sahel-vert.example | UTC=2026-06-15T09:30:06.298Z ; cible=portail.sahel-vert.example ; extrait=preuve-08 ; commande=controle-demo-1 | phase=journal ; ticket=PM-210 ; observation=note-administrative
J11 | 2026-06-15T09:42:29.393Z | Yao Kouassi | lecture-entete-http | mail.sahel-vert.example | UTC=2026-06-15T09:42:29.393Z ; cible=mail.sahel-vert.example ; extrait=preuve-09 ; commande=controle-demo-2 | phase=triage ; ticket=PM-201 ; observation=bruit-normal
J12 | 2026-06-15T09:53:38.622Z | Yao Kouassi | revue-certificat | vpn.sahel-vert.example | UTC=2026-06-15T09:53:38.622Z ; cible=vpn.sahel-vert.example ; extrait=preuve-10 ; commande=controle-demo-3 | phase=preuve ; ticket=PM-204 ; observation=point-de-controle
J13 | 2026-06-15T10:03:07.308Z | Yao Kouassi | controle-version-service | stock.sahel-vert.example | UTC=2026-06-15T10:03:07.308Z ; cible=stock.sahel-vert.example ; extrait=preuve-11 ; commande=controle-demo-4 | phase=revue ; ticket=PM-207 ; observation=constat-a-confirmer
J14 | 2026-06-15T10:15:02.351Z | Yao Kouassi | verification-redirect | paie.sahel-vert.example | UTC=2026-06-15T10:15:02.351Z ; cible=paie.sahel-vert.example ; extrait=preuve-12 ; commande=controle-demo-1 | phase=journal ; ticket=PM-210 ; observation=note-administrative
J15 | 2026-06-15T10:28:57.995Z | Yao Kouassi | revue-formulaire-contact | www.sahel-vert.example | UTC=2026-06-15T10:28:57.995Z ; cible=www.sahel-vert.example ; extrait=preuve-13 ; commande=controle-demo-2 | phase=triage ; ticket=PM-201 ; observation=bruit-normal
J16 | 2026-06-15T10:40:00.330Z | Yao Kouassi | lecture-journal-applicatif | portail.sahel-vert.example | UTC=2026-06-15T10:40:00.330Z ; cible=portail.sahel-vert.example ; extrait=preuve-14 ; commande=controle-demo-3 | phase=preuve ; ticket=PM-204 ; observation=point-de-controle
J17 | 2026-06-15T10:44:13Z | Yao Kouassi | creation-compte-test | portail.sahel-vert.example | UTC=2026-06-15T10:44:13Z ; cible=portail.sahel-vert.example ; extrait=compte-demo-01 ; commande=creation-documentee | notification=NOTIF-210 ; compte=demo-user-01 ; lot=retest-auth-1
J18 | 2026-06-15T10:54:32.189Z | Yao Kouassi | controle-reponse-403 | mail.sahel-vert.example | UTC=2026-06-15T10:54:32.189Z ; cible=mail.sahel-vert.example ; extrait=preuve-15 ; commande=controle-demo-4 | phase=revue ; ticket=PM-207 ; observation=constat-a-confirmer
J19 | 2026-06-15T11:04:13.400Z | Yao Kouassi | revue-indexation | vpn.sahel-vert.example | UTC=2026-06-15T11:04:13.400Z ; cible=vpn.sahel-vert.example ; extrait=preuve-16 ; commande=controle-demo-1 | phase=journal ; ticket=PM-210 ; observation=note-administrative
J20 | 2026-06-15T11:18:34.474Z | Yao Kouassi | lecture-entete-http | stock.sahel-vert.example | UTC=2026-06-15T11:18:34.474Z ; cible=stock.sahel-vert.example ; extrait=preuve-17 ; commande=controle-demo-2 | phase=triage ; ticket=PM-201 ; observation=bruit-normal
J21 | 2026-06-15T11:28:35.968Z | Yao Kouassi | revue-certificat | paie.sahel-vert.example | UTC=2026-06-15T11:28:35.968Z ; cible=paie.sahel-vert.example ; extrait=preuve-18 ; commande=controle-demo-3 | phase=preuve ; ticket=PM-204 ; observation=point-de-controle
J22 | 2026-06-15T11:40:54.490Z | Yao Kouassi | controle-version-service | www.sahel-vert.example | UTC=2026-06-15T11:40:54.490Z ; cible=www.sahel-vert.example ; extrait=preuve-19 ; commande=controle-demo-4 | phase=revue ; ticket=PM-207 ; observation=constat-a-confirmer
J23 | 2026-06-15T11:54:02.951Z | Yao Kouassi | verification-redirect | portail.sahel-vert.example | UTC=2026-06-15T11:54:02.951Z ; cible=portail.sahel-vert.example ; extrait=preuve-20 ; commande=controle-demo-1 | phase=journal ; ticket=PM-210 ; observation=note-administrative
J24 | 2026-06-15T12:04:22.558Z | Yao Kouassi | revue-formulaire-contact | mail.sahel-vert.example | UTC=2026-06-15T12:04:22.558Z ; cible=mail.sahel-vert.example ; extrait=preuve-21 ; commande=controle-demo-2 | phase=triage ; ticket=PM-201 ; observation=bruit-normal
J25 | 2026-06-15T12:18:52.835Z | Yao Kouassi | lecture-journal-applicatif | vpn.sahel-vert.example | UTC=2026-06-15T12:18:52.835Z ; cible=vpn.sahel-vert.example ; extrait=preuve-22 ; commande=controle-demo-3 | phase=preuve ; ticket=PM-204 ; observation=point-de-controle
J26 | 2026-06-15T12:29:14.664Z | Yao Kouassi | controle-reponse-403 | stock.sahel-vert.example | UTC=2026-06-15T12:29:14.664Z ; cible=stock.sahel-vert.example ; extrait=preuve-23 ; commande=controle-demo-4 | phase=revue ; ticket=PM-207 ; observation=constat-a-confirmer
J27 | 2026-06-15T12:42:37.322Z | Yao Kouassi | revue-indexation | paie.sahel-vert.example | UTC=2026-06-15T12:42:37.322Z ; cible=paie.sahel-vert.example ; extrait=preuve-24 ; commande=controle-demo-1 | phase=journal ; ticket=PM-210 ; observation=note-administrative
J28 | 2026-06-15T12:52:15.184Z | Yao Kouassi | lecture-entete-http | www.sahel-vert.example | UTC=2026-06-15T12:52:15.184Z ; cible=www.sahel-vert.example ; extrait=preuve-25 ; commande=controle-demo-2 | phase=triage ; ticket=PM-201 ; observation=bruit-normal
J29 | 2026-06-15T13:03:35.456Z | Yao Kouassi | revue-certificat | portail.sahel-vert.example | UTC=2026-06-15T13:03:35.456Z ; cible=portail.sahel-vert.example ; extrait=preuve-26 ; commande=controle-demo-3 | phase=preuve ; ticket=PM-204 ; observation=point-de-controle
J30 | 2026-06-15T13:15:33.002Z | Yao Kouassi | controle-version-service | mail.sahel-vert.example | UTC=2026-06-15T13:15:33.002Z ; cible=mail.sahel-vert.example ; extrait=preuve-27 ; commande=controle-demo-4 | phase=revue ; ticket=PM-207 ; observation=constat-a-confirmer
J31 | 2026-06-15T13:27:10.533Z | Yao Kouassi | verification-redirect | vpn.sahel-vert.example | UTC=2026-06-15T13:27:10.533Z ; cible=vpn.sahel-vert.example ; extrait=preuve-28 ; commande=controle-demo-1 | phase=journal ; ticket=PM-210 ; observation=note-administrative
J32 | 2026-06-15T13:52:42.485Z | Yao Kouassi | lecture-journal-applicatif | paie.sahel-vert.example | UTC=2026-06-15T13:52:42.485Z ; cible=paie.sahel-vert.example ; extrait=preuve-30 ; commande=controle-demo-3 | phase=preuve ; ticket=PM-204 ; observation=point-de-controle
J33 | 2026-06-15T13:42:56.037Z | Yao Kouassi | revue-formulaire-contact | stock.sahel-vert.example | UTC=2026-06-15T13:42:56.037Z ; cible=stock.sahel-vert.example ; extrait=preuve-29 ; commande=controle-demo-2 | phase=triage ; ticket=PM-201 ; observation=bruit-normal
J34 | 2026-06-15T14:05:31.981Z | Yao Kouassi | controle-reponse-403 | www.sahel-vert.example | UTC=2026-06-15T14:05:31.981Z ; cible=www.sahel-vert.example ; extrait=preuve-31 ; commande=controle-demo-4 | phase=revue ; ticket=PM-207 ; observation=constat-a-confirmer
J35 | 2026-06-15T14:18:05Z | Yao Kouassi | creation-compte-test | portail.sahel-vert.example | UTC=2026-06-15T14:18:05Z ; cible=portail.sahel-vert.example ; extrait=compte-demo-02 ; commande=creation-documentee | notification=NOTIF-212 ; compte=demo-user-02 ; lot=retest-auth-2
J36 | 2026-06-15T14:18:25.151Z | Yao Kouassi | revue-indexation | portail.sahel-vert.example | UTC=2026-06-15T14:18:25.151Z ; cible=portail.sahel-vert.example ; extrait=preuve-32 ; commande=controle-demo-1 | phase=journal ; ticket=PM-210 ; observation=note-administrative
J37 | 2026-06-15T14:28:34.542Z | Yao Kouassi | lecture-entete-http | mail.sahel-vert.example | UTC=2026-06-15T14:28:34.542Z ; cible=mail.sahel-vert.example ; extrait=preuve-33 ; commande=controle-demo-2 | phase=triage ; ticket=PM-201 ; observation=bruit-normal
J38 | 2026-06-15T14:41:50.359Z | Yao Kouassi | revue-certificat | vpn.sahel-vert.example | UTC=2026-06-15T14:41:50.359Z ; cible=vpn.sahel-vert.example ; extrait=preuve-34 ; commande=controle-demo-3 | phase=preuve ; ticket=PM-204 ; observation=point-de-controle
J39 | 2026-06-15T14:51:11.872Z | Yao Kouassi | controle-version-service | stock.sahel-vert.example | UTC=2026-06-15T14:51:11.872Z ; cible=stock.sahel-vert.example ; extrait=preuve-35 ; commande=controle-demo-4 | phase=revue ; ticket=PM-207 ; observation=constat-a-confirmer
J40 | 2026-06-15T15:03:29.829Z | Yao Kouassi | verification-redirect | paie.sahel-vert.example | UTC=2026-06-15T15:03:29.829Z ; cible=paie.sahel-vert.example ; extrait=preuve-36 ; commande=controle-demo-1 | phase=journal ; ticket=PM-210 ; observation=note-administrative
J41 | 2026-06-15T15:15:10.913Z | Yao Kouassi | revue-formulaire-contact | www.sahel-vert.example | UTC=2026-06-15T15:15:10.913Z ; cible=www.sahel-vert.example ; extrait=preuve-37 ; commande=controle-demo-2 | phase=triage ; ticket=PM-201 ; observation=bruit-normal
J42 | 2026-06-15T15:27:43.996Z | Yao Kouassi | lecture-journal-applicatif | portail.sahel-vert.example | UTC=2026-06-15T15:27:43.996Z ; cible=portail.sahel-vert.example ; extrait=preuve-38 ; commande=controle-demo-3 | phase=preuve ; ticket=PM-204 ; observation=point-de-controle
J43 | 2026-06-15T15:39:55.566Z | Yao Kouassi | controle-reponse-403 | mail.sahel-vert.example | UTC=2026-06-15T15:39:55.566Z ; cible=mail.sahel-vert.example ; extrait=preuve-39 ; commande=controle-demo-4 | phase=revue ; ticket=PM-207 ; observation=constat-a-confirmer
J44 | 2026-06-15T15:52:55.038Z | Yao Kouassi | revue-indexation | vpn.sahel-vert.example | UTC=2026-06-15T15:52:55.038Z ; cible=vpn.sahel-vert.example ; extrait=preuve-40 ; commande=controle-demo-1 | phase=journal ; ticket=PM-210 ; observation=note-administrative
J45 | 2026-06-15T16:03:48Z | Yao Kouassi | revue-portail-auth | portail.sahel-vert.example | UTC=2026-06-15T16:03:48Z ; cible=portail.sahel-vert.example ; capture=ecran-auth | ticket=PM-221 ; observation=preuve-a-completer
J46 | 2026-06-15T16:06:20.196Z | Yao Kouassi | lecture-entete-http | stock.sahel-vert.example | UTC=2026-06-15T16:06:20.196Z ; cible=stock.sahel-vert.example ; extrait=preuve-41 ; commande=controle-demo-2 | phase=triage ; ticket=PM-201 ; observation=bruit-normal
J47 | 2026-06-15T16:15:33.020Z | Yao Kouassi | revue-certificat | paie.sahel-vert.example | UTC=2026-06-15T16:15:33.020Z ; cible=paie.sahel-vert.example ; extrait=preuve-42 ; commande=controle-demo-3 | phase=preuve ; ticket=PM-204 ; observation=point-de-controle
J48 | 2026-06-15T16:28:21.535Z | Yao Kouassi | controle-version-service | www.sahel-vert.example | UTC=2026-06-15T16:28:21.535Z ; cible=www.sahel-vert.example ; extrait=preuve-43 ; commande=controle-demo-4 | phase=revue ; ticket=PM-207 ; observation=constat-a-confirmer
J49 | 2026-06-15T16:41:15.953Z | Yao Kouassi | verification-redirect | portail.sahel-vert.example | UTC=2026-06-15T16:41:15.953Z ; cible=portail.sahel-vert.example ; extrait=preuve-44 ; commande=controle-demo-1 | phase=journal ; ticket=PM-210 ; observation=note-administrative
J50 | 2026-06-15T16:52:44.729Z | Yao Kouassi | revue-formulaire-contact | mail.sahel-vert.example | UTC=2026-06-15T16:52:44.729Z ; cible=mail.sahel-vert.example ; extrait=preuve-45 ; commande=controle-demo-2 | phase=triage ; ticket=PM-201 ; observation=bruit-normal
J51 | 2026-06-15T17:05:03.117Z | Yao Kouassi | lecture-journal-applicatif | vpn.sahel-vert.example | UTC=2026-06-15T17:05:03.117Z ; cible=vpn.sahel-vert.example ; extrait=preuve-46 ; commande=controle-demo-3 | phase=preuve ; ticket=PM-204 ; observation=point-de-controle
J52 | 2026-06-15T17:18:53.920Z | Yao Kouassi | controle-reponse-403 | stock.sahel-vert.example | UTC=2026-06-15T17:18:53.920Z ; cible=stock.sahel-vert.example ; extrait=preuve-47 ; commande=controle-demo-4 | phase=revue ; ticket=PM-207 ; observation=constat-a-confirmer
J53 | 2026-06-15T17:28:09.874Z | Yao Kouassi | revue-indexation | paie.sahel-vert.example | UTC=2026-06-15T17:28:09.874Z ; cible=paie.sahel-vert.example ; extrait=preuve-48 ; commande=controle-demo-1 | phase=journal ; ticket=PM-210 ; observation=note-administrative
J54 | 2026-06-16T08:04:43.275Z | Yao Kouassi | revue-certificat | mail.sahel-vert.example | UTC=2026-06-16T08:04:43.275Z ; cible=mail.sahel-vert.example ; extrait=preuve-01 ; commande=controle-demo-2 | phase=preuve ; ticket=PM-204 ; observation=point-de-controle
J55 | 2026-06-16T08:16:09.513Z | Yao Kouassi | controle-version-service | vpn.sahel-vert.example | UTC=2026-06-16T08:16:09.513Z ; cible=vpn.sahel-vert.example ; extrait=preuve-02 ; commande=controle-demo-3 | phase=revue ; ticket=PM-207 ; observation=constat-a-confirmer
J56 | 2026-06-16T08:30:58.188Z | Yao Kouassi | verification-redirect | stock.sahel-vert.example | UTC=2026-06-16T08:30:58.188Z ; cible=stock.sahel-vert.example ; extrait=preuve-03 ; commande=controle-demo-4 | phase=journal ; ticket=PM-210 ; observation=note-administrative
J57 | 2026-06-16T08:41:41.529Z | Yao Kouassi | revue-formulaire-contact | paie.sahel-vert.example | UTC=2026-06-16T08:41:41.529Z ; cible=paie.sahel-vert.example ; extrait=preuve-04 ; commande=controle-demo-1 | phase=triage ; ticket=PM-201 ; observation=bruit-normal
J58 | 2026-06-16T08:53:13.114Z | Yao Kouassi | lecture-journal-applicatif | www.sahel-vert.example | UTC=2026-06-16T08:53:13.114Z ; cible=www.sahel-vert.example ; extrait=preuve-05 ; commande=controle-demo-2 | phase=preuve ; ticket=PM-204 ; observation=point-de-controle
J59 | 2026-06-16T09:04:07.595Z | Yao Kouassi | controle-reponse-403 | portail.sahel-vert.example | UTC=2026-06-16T09:04:07.595Z ; cible=portail.sahel-vert.example ; extrait=preuve-06 ; commande=controle-demo-3 | phase=revue ; ticket=PM-207 ; observation=constat-a-confirmer
J60 | 2026-06-16T09:16:33.949Z | Yao Kouassi | revue-indexation | mail.sahel-vert.example | UTC=2026-06-16T09:16:33.949Z ; cible=mail.sahel-vert.example ; extrait=preuve-07 ; commande=controle-demo-4 | phase=journal ; ticket=PM-210 ; observation=note-administrative
J61 | 2026-06-16T09:27:09.138Z | Yao Kouassi | lecture-entete-http | vpn.sahel-vert.example | UTC=2026-06-16T09:27:09.138Z ; cible=vpn.sahel-vert.example ; extrait=preuve-08 ; commande=controle-demo-1 | phase=triage ; ticket=PM-201 ; observation=bruit-normal
J62 | 2026-06-16T09:42:44.830Z | Yao Kouassi | revue-certificat | stock.sahel-vert.example | UTC=2026-06-16T09:42:44.830Z ; cible=stock.sahel-vert.example ; extrait=preuve-09 ; commande=controle-demo-2 | phase=preuve ; ticket=PM-204 ; observation=point-de-controle
J63 | 2026-06-16T09:53:07.478Z | Yao Kouassi | controle-version-service | paie.sahel-vert.example | UTC=2026-06-16T09:53:07.478Z ; cible=paie.sahel-vert.example ; extrait=preuve-10 ; commande=controle-demo-3 | phase=revue ; ticket=PM-207 ; observation=constat-a-confirmer
J64 | 2026-06-16T10:03:23.796Z | Yao Kouassi | verification-redirect | www.sahel-vert.example | UTC=2026-06-16T10:03:23.796Z ; cible=www.sahel-vert.example ; extrait=preuve-11 ; commande=controle-demo-4 | phase=journal ; ticket=PM-210 ; observation=note-administrative
J65 | 2026-06-16T10:17:41.675Z | Yao Kouassi | revue-formulaire-contact | portail.sahel-vert.example | UTC=2026-06-16T10:17:41.675Z ; cible=portail.sahel-vert.example ; extrait=preuve-12 ; commande=controle-demo-1 | phase=triage ; ticket=PM-201 ; observation=bruit-normal
J66 | 2026-06-16T10:30:53.090Z | Yao Kouassi | lecture-journal-applicatif | mail.sahel-vert.example | UTC=2026-06-16T10:30:53.090Z ; cible=mail.sahel-vert.example ; extrait=preuve-13 ; commande=controle-demo-2 | phase=preuve ; ticket=PM-204 ; observation=point-de-controle
J67 | 2026-06-16T10:39:22.706Z | Yao Kouassi | controle-reponse-403 | vpn.sahel-vert.example | UTC=2026-06-16T10:39:22.706Z ; cible=vpn.sahel-vert.example ; extrait=preuve-14 ; commande=controle-demo-3 | phase=revue ; ticket=PM-207 ; observation=constat-a-confirmer
J68 | 2026-06-16T10:52:42.511Z | Yao Kouassi | revue-indexation | stock.sahel-vert.example | UTC=2026-06-16T10:52:42.511Z ; cible=stock.sahel-vert.example ; extrait=preuve-15 ; commande=controle-demo-4 | phase=journal ; ticket=PM-210 ; observation=note-administrative
J69 | 2026-06-16T11:03:41.070Z | Yao Kouassi | lecture-entete-http | paie.sahel-vert.example | UTC=2026-06-16T11:03:41.070Z ; cible=paie.sahel-vert.example ; extrait=preuve-16 ; commande=controle-demo-1 | phase=triage ; ticket=PM-201 ; observation=bruit-normal
J70 | 2026-06-16T11:16:50.629Z | Yao Kouassi | revue-certificat | www.sahel-vert.example | UTC=2026-06-16T11:16:50.629Z ; cible=www.sahel-vert.example ; extrait=preuve-17 ; commande=controle-demo-2 | phase=preuve ; ticket=PM-204 ; observation=point-de-controle
J71 | 2026-06-16T11:24:18Z | Yao Kouassi | creation-compte-test | portail.sahel-vert.example | UTC=2026-06-16T11:24:18Z ; cible=portail.sahel-vert.example ; extrait=compte-demo-03 ; commande=creation-documentee | notification=NOTIF-216 ; compte=demo-user-03 ; lot=retest-auth-3
J72 | 2026-06-16T11:27:55.189Z | Yao Kouassi | controle-version-service | portail.sahel-vert.example | UTC=2026-06-16T11:27:55.189Z ; cible=portail.sahel-vert.example ; extrait=preuve-18 ; commande=controle-demo-3 | phase=revue ; ticket=PM-207 ; observation=constat-a-confirmer
J73 | 2026-06-16T11:42:47.066Z | Yao Kouassi | verification-redirect | mail.sahel-vert.example | UTC=2026-06-16T11:42:47.066Z ; cible=mail.sahel-vert.example ; extrait=preuve-19 ; commande=controle-demo-4 | phase=journal ; ticket=PM-210 ; observation=note-administrative
J74 | 2026-06-16T11:51:41.774Z | Yao Kouassi | revue-formulaire-contact | vpn.sahel-vert.example | UTC=2026-06-16T11:51:41.774Z ; cible=vpn.sahel-vert.example ; extrait=preuve-20 ; commande=controle-demo-1 | phase=triage ; ticket=PM-201 ; observation=bruit-normal
J75 | 2026-06-16T12:03:05.650Z | Yao Kouassi | lecture-journal-applicatif | stock.sahel-vert.example | UTC=2026-06-16T12:03:05.650Z ; cible=stock.sahel-vert.example ; extrait=preuve-21 ; commande=controle-demo-2 | phase=preuve ; ticket=PM-204 ; observation=point-de-controle
J76 | 2026-06-16T12:10:33Z | Yao Kouassi | suppression-compte-test | portail.sahel-vert.example | UTC=2026-06-16T12:10:33Z ; cible=portail.sahel-vert.example ; extrait=suppression-demo-02 ; commande=fermeture-documentee | notification=NOTIF-217 ; compte=demo-user-02 ; statut=retire
J77 | 2026-06-16T12:15:45.461Z | Yao Kouassi | controle-reponse-403 | paie.sahel-vert.example | UTC=2026-06-16T12:15:45.461Z ; cible=paie.sahel-vert.example ; extrait=preuve-22 ; commande=controle-demo-3 | phase=revue ; ticket=PM-207 ; observation=constat-a-confirmer
J78 | 2026-06-16T12:29:25.763Z | Yao Kouassi | revue-indexation | www.sahel-vert.example | UTC=2026-06-16T12:29:25.763Z ; cible=www.sahel-vert.example ; extrait=preuve-23 ; commande=controle-demo-4 | phase=journal ; ticket=PM-210 ; observation=note-administrative
J79 | 2026-06-16T12:42:26.869Z | Yao Kouassi | lecture-entete-http | portail.sahel-vert.example | UTC=2026-06-16T12:42:26.869Z ; cible=portail.sahel-vert.example ; extrait=preuve-24 ; commande=controle-demo-1 | phase=triage ; ticket=PM-201 ; observation=bruit-normal
J80 | 2026-06-16T12:54:49.176Z | Yao Kouassi | revue-certificat | mail.sahel-vert.example | UTC=2026-06-16T12:54:49.176Z ; cible=mail.sahel-vert.example ; extrait=preuve-25 ; commande=controle-demo-2 | phase=preuve ; ticket=PM-204 ; observation=point-de-controle
J81 | 2026-06-16T13:05:56.497Z | Yao Kouassi | controle-version-service | vpn.sahel-vert.example | UTC=2026-06-16T13:05:56.497Z ; cible=vpn.sahel-vert.example ; extrait=preuve-26 ; commande=controle-demo-3 | phase=revue ; ticket=PM-207 ; observation=constat-a-confirmer
J82 | 2026-06-16T13:16:28.913Z | Yao Kouassi | verification-redirect | stock.sahel-vert.example | UTC=2026-06-16T13:16:28.913Z ; cible=stock.sahel-vert.example ; extrait=preuve-27 ; commande=controle-demo-4 | phase=journal ; ticket=PM-210 ; observation=note-administrative
J83 | 2026-06-16T13:30:46.461Z | Yao Kouassi | revue-formulaire-contact | paie.sahel-vert.example | UTC=2026-06-16T13:30:46.461Z ; cible=paie.sahel-vert.example ; extrait=preuve-28 ; commande=controle-demo-1 | phase=triage ; ticket=PM-201 ; observation=bruit-normal
J84 | 2026-06-16T13:41:17.905Z | Yao Kouassi | lecture-journal-applicatif | www.sahel-vert.example | UTC=2026-06-16T13:41:17.905Z ; cible=www.sahel-vert.example ; extrait=preuve-29 ; commande=controle-demo-2 | phase=preuve ; ticket=PM-204 ; observation=point-de-controle
J85 | 2026-06-16T13:54:58.572Z | Yao Kouassi | controle-reponse-403 | portail.sahel-vert.example | UTC=2026-06-16T13:54:58.572Z ; cible=portail.sahel-vert.example ; extrait=preuve-30 ; commande=controle-demo-3 | phase=revue ; ticket=PM-207 ; observation=constat-a-confirmer
J86 | 2026-06-16T14:03:19.703Z | Yao Kouassi | revue-indexation | mail.sahel-vert.example | UTC=2026-06-16T14:03:19.703Z ; cible=mail.sahel-vert.example ; extrait=preuve-31 ; commande=controle-demo-4 | phase=journal ; ticket=PM-210 ; observation=note-administrative
J87 | 2026-06-16T14:16:03.854Z | Yao Kouassi | lecture-entete-http | vpn.sahel-vert.example | UTC=2026-06-16T14:16:03.854Z ; cible=vpn.sahel-vert.example ; extrait=preuve-32 ; commande=controle-demo-1 | phase=triage ; ticket=PM-201 ; observation=bruit-normal
J88 | 2026-06-16T14:27:36.129Z | Yao Kouassi | revue-certificat | stock.sahel-vert.example | UTC=2026-06-16T14:27:36.129Z ; cible=stock.sahel-vert.example ; extrait=preuve-33 ; commande=controle-demo-2 | phase=preuve ; ticket=PM-204 ; observation=point-de-controle
J89 | 2026-06-16T14:50:11Z | Yao Kouassi | suppression-compte-test | portail.sahel-vert.example | UTC=2026-06-16T14:50:11Z ; cible=portail.sahel-vert.example ; extrait=suppression-demo-03 ; commande=fermeture-documentee | notification=NOTIF-219 ; compte=demo-user-03 ; statut=retire
J90 | 2026-06-16T14:42:48.376Z | Yao Kouassi | controle-version-service | paie.sahel-vert.example | UTC=2026-06-16T14:42:48.376Z ; cible=paie.sahel-vert.example ; extrait=preuve-34 ; commande=controle-demo-3 | phase=revue ; ticket=PM-207 ; observation=constat-a-confirmer
J91 | 2026-06-16T14:54:29.604Z | Yao Kouassi | verification-redirect | www.sahel-vert.example | UTC=2026-06-16T14:54:29.604Z ; cible=www.sahel-vert.example ; extrait=preuve-35 ; commande=controle-demo-4 | phase=journal ; ticket=PM-210 ; observation=note-administrative
J92 | 2026-06-16T15:06:33.527Z | Yao Kouassi | revue-formulaire-contact | portail.sahel-vert.example | UTC=2026-06-16T15:06:33.527Z ; cible=portail.sahel-vert.example ; extrait=preuve-36 ; commande=controle-demo-1 | phase=triage ; ticket=PM-201 ; observation=bruit-normal
J93 | 2026-06-16T15:16:04.619Z | Yao Kouassi | lecture-journal-applicatif | mail.sahel-vert.example | UTC=2026-06-16T15:16:04.619Z ; cible=mail.sahel-vert.example ; extrait=preuve-37 ; commande=controle-demo-2 | phase=preuve ; ticket=PM-204 ; observation=point-de-controle
J94 | 2026-06-16T15:16:22Z | Yao Kouassi | creation-compte-test | mail.sahel-vert.example | UTC=2026-06-16T15:16:22Z ; cible=mail.sahel-vert.example ; extrait=compte-demo-04 ; commande=creation-documentee | notification=absente ; compte=demo-user-04 ; jeton=token-demo-0012
J95 | 2026-06-16T15:29:43.816Z | Yao Kouassi | controle-reponse-403 | vpn.sahel-vert.example | UTC=2026-06-16T15:29:43.816Z ; cible=vpn.sahel-vert.example ; extrait=preuve-38 ; commande=controle-demo-3 | phase=revue ; ticket=PM-207 ; observation=constat-a-confirmer
J96 | 2026-06-16T15:40:35.788Z | Yao Kouassi | revue-indexation | stock.sahel-vert.example | UTC=2026-06-16T15:40:35.788Z ; cible=stock.sahel-vert.example ; extrait=preuve-39 ; commande=controle-demo-4 | phase=journal ; ticket=PM-210 ; observation=note-administrative
J97 | 2026-06-16T15:52:17.046Z | Yao Kouassi | lecture-entete-http | paie.sahel-vert.example | UTC=2026-06-16T15:52:17.046Z ; cible=paie.sahel-vert.example ; extrait=preuve-40 ; commande=controle-demo-1 | phase=triage ; ticket=PM-201 ; observation=bruit-normal
J98 | 2026-06-16T16:04:47.124Z | Yao Kouassi | revue-certificat | www.sahel-vert.example | UTC=2026-06-16T16:04:47.124Z ; cible=www.sahel-vert.example ; extrait=preuve-41 ; commande=controle-demo-2 | phase=preuve ; ticket=PM-204 ; observation=point-de-controle
J99 | 2026-06-16T16:18:37.726Z | Yao Kouassi | controle-version-service | portail.sahel-vert.example | UTC=2026-06-16T16:18:37.726Z ; cible=portail.sahel-vert.example ; extrait=preuve-42 ; commande=controle-demo-3 | phase=revue ; ticket=PM-207 ; observation=constat-a-confirmer
J100 | 2026-06-16T16:30:58.205Z | Yao Kouassi | verification-redirect | mail.sahel-vert.example | UTC=2026-06-16T16:30:58.205Z ; cible=mail.sahel-vert.example ; extrait=preuve-43 ; commande=controle-demo-4 | phase=journal ; ticket=PM-210 ; observation=note-administrative
J101 | 2026-06-16T16:39:07.599Z | Yao Kouassi | revue-formulaire-contact | vpn.sahel-vert.example | UTC=2026-06-16T16:39:07.599Z ; cible=vpn.sahel-vert.example ; extrait=preuve-44 ; commande=controle-demo-1 | phase=triage ; ticket=PM-201 ; observation=bruit-normal
J102 | 2026-06-16T16:51:59.520Z | Yao Kouassi | lecture-journal-applicatif | stock.sahel-vert.example | UTC=2026-06-16T16:51:59.520Z ; cible=stock.sahel-vert.example ; extrait=preuve-45 ; commande=controle-demo-2 | phase=preuve ; ticket=PM-204 ; observation=point-de-controle
J103 | 2026-06-16T17:02:11Z | Yao Kouassi | revue-jeton-mail | mail.sahel-vert.example | UTC=2026-06-16T17:02:11Z ; extrait=jeton-mail ; commande=lecture-note | ticket=PM-228 ; observation=preuve-a-completer
J104 | 2026-06-16T17:04:43.386Z | Yao Kouassi | controle-reponse-403 | paie.sahel-vert.example | UTC=2026-06-16T17:04:43.386Z ; cible=paie.sahel-vert.example ; extrait=preuve-46 ; commande=controle-demo-3 | phase=revue ; ticket=PM-207 ; observation=constat-a-confirmer
J105 | 2026-06-16T17:17:14.083Z | Yao Kouassi | revue-indexation | www.sahel-vert.example | UTC=2026-06-16T17:17:14.083Z ; cible=www.sahel-vert.example ; extrait=preuve-47 ; commande=controle-demo-4 | phase=journal ; ticket=PM-210 ; observation=note-administrative
J106 | 2026-06-16T17:29:30.026Z | Yao Kouassi | lecture-entete-http | portail.sahel-vert.example | UTC=2026-06-16T17:29:30.026Z ; cible=portail.sahel-vert.example ; extrait=preuve-48 ; commande=controle-demo-1 | phase=triage ; ticket=PM-201 ; observation=bruit-normal
J107 | 2026-06-17T08:06:32.751Z | Yao Kouassi | controle-version-service | stock.sahel-vert.example | UTC=2026-06-17T08:06:32.751Z ; cible=stock.sahel-vert.example ; extrait=preuve-01 ; commande=controle-demo-2 | phase=revue ; ticket=PM-207 ; observation=constat-a-confirmer
J108 | 2026-06-17T08:16:12.777Z | Yao Kouassi | verification-redirect | paie.sahel-vert.example | UTC=2026-06-17T08:16:12.777Z ; cible=paie.sahel-vert.example ; extrait=preuve-02 ; commande=controle-demo-3 | phase=journal ; ticket=PM-210 ; observation=note-administrative
J109 | 2026-06-17T08:29:02.168Z | Yao Kouassi | revue-formulaire-contact | www.sahel-vert.example | UTC=2026-06-17T08:29:02.168Z ; cible=www.sahel-vert.example ; extrait=preuve-03 ; commande=controle-demo-4 | phase=triage ; ticket=PM-201 ; observation=bruit-normal
J110 | 2026-06-17T08:39:22.350Z | Yao Kouassi | lecture-journal-applicatif | portail.sahel-vert.example | UTC=2026-06-17T08:39:22.350Z ; cible=portail.sahel-vert.example ; extrait=preuve-04 ; commande=controle-demo-1 | phase=preuve ; ticket=PM-204 ; observation=point-de-controle
J111 | 2026-06-17T08:52:12.643Z | Yao Kouassi | controle-reponse-403 | mail.sahel-vert.example | UTC=2026-06-17T08:52:12.643Z ; cible=mail.sahel-vert.example ; extrait=preuve-05 ; commande=controle-demo-2 | phase=revue ; ticket=PM-207 ; observation=constat-a-confirmer
J112 | 2026-06-17T09:03:48.084Z | Yao Kouassi | revue-indexation | vpn.sahel-vert.example | UTC=2026-06-17T09:03:48.084Z ; cible=vpn.sahel-vert.example ; extrait=preuve-06 ; commande=controle-demo-3 | phase=journal ; ticket=PM-210 ; observation=note-administrative
J113 | 2026-06-17T09:15:25.827Z | Yao Kouassi | lecture-entete-http | stock.sahel-vert.example | UTC=2026-06-17T09:15:25.827Z ; cible=stock.sahel-vert.example ; extrait=preuve-07 ; commande=controle-demo-4 | phase=triage ; ticket=PM-201 ; observation=bruit-normal
J114 | 2026-06-17T09:28:50.230Z | Yao Kouassi | revue-certificat | paie.sahel-vert.example | UTC=2026-06-17T09:28:50.230Z ; cible=paie.sahel-vert.example ; extrait=preuve-08 ; commande=controle-demo-1 | phase=preuve ; ticket=PM-204 ; observation=point-de-controle
J115 | 2026-06-17T09:40:22.449Z | Yao Kouassi | controle-version-service | www.sahel-vert.example | UTC=2026-06-17T09:40:22.449Z ; cible=www.sahel-vert.example ; extrait=preuve-09 ; commande=controle-demo-2 | phase=revue ; ticket=PM-207 ; observation=constat-a-confirmer
J116 | 2026-06-17T09:47:55Z | Yao Kouassi | export-integral-donnees | paie.sahel-vert.example | UTC=2026-06-17T09:47:55Z ; cible=paie.sahel-vert.example ; extrait=lot-40-lignes ; commande=revue-export | notification=NOTIF-311 ; justification=collecte-complete-non-autorisee
J117 | 2026-06-17T09:52:13.403Z | Yao Kouassi | verification-redirect | portail.sahel-vert.example | UTC=2026-06-17T09:52:13.403Z ; cible=portail.sahel-vert.example ; extrait=preuve-10 ; commande=controle-demo-3 | phase=journal ; ticket=PM-210 ; observation=note-administrative
J118 | 2026-06-17T10:03:31.811Z | Yao Kouassi | revue-formulaire-contact | mail.sahel-vert.example | UTC=2026-06-17T10:03:31.811Z ; cible=mail.sahel-vert.example ; extrait=preuve-11 ; commande=controle-demo-4 | phase=triage ; ticket=PM-201 ; observation=bruit-normal
J119 | 2026-06-17T10:16:13.617Z | Yao Kouassi | lecture-journal-applicatif | vpn.sahel-vert.example | UTC=2026-06-17T10:16:13.617Z ; cible=vpn.sahel-vert.example ; extrait=preuve-12 ; commande=controle-demo-1 | phase=preuve ; ticket=PM-204 ; observation=point-de-controle
J120 | 2026-06-17T10:28:21.217Z | Yao Kouassi | controle-reponse-403 | stock.sahel-vert.example | UTC=2026-06-17T10:28:21.217Z ; cible=stock.sahel-vert.example ; extrait=preuve-13 ; commande=controle-demo-2 | phase=revue ; ticket=PM-207 ; observation=constat-a-confirmer
J121 | 2026-06-17T10:41:35.080Z | Yao Kouassi | revue-indexation | paie.sahel-vert.example | UTC=2026-06-17T10:41:35.080Z ; cible=paie.sahel-vert.example ; extrait=preuve-14 ; commande=controle-demo-3 | phase=journal ; ticket=PM-210 ; observation=note-administrative
J122 | 2026-06-17T11:05:36.214Z | Yao Kouassi | revue-certificat | portail.sahel-vert.example | UTC=2026-06-17T11:05:36.214Z ; cible=portail.sahel-vert.example ; extrait=preuve-16 ; commande=controle-demo-1 | phase=preuve ; ticket=PM-204 ; observation=point-de-controle
J123 | 2026-06-17T10:53:39.306Z | Yao Kouassi | lecture-entete-http | www.sahel-vert.example | UTC=2026-06-17T10:53:39.306Z ; cible=www.sahel-vert.example ; extrait=preuve-15 ; commande=controle-demo-4 | phase=triage ; ticket=PM-201 ; observation=bruit-normal
J124 | 2026-06-17T11:18:25.709Z | Yao Kouassi | controle-version-service | mail.sahel-vert.example | UTC=2026-06-17T11:18:25.709Z ; cible=mail.sahel-vert.example ; extrait=preuve-17 ; commande=controle-demo-2 | phase=revue ; ticket=PM-207 ; observation=constat-a-confirmer
J125 | 2026-06-17T11:22:42Z | Yao Kouassi | revue-stock-exemple | stock.sahel-vert.example | cible=stock.sahel-vert.example ; extrait=liste-exemple ; commande=lecture-note | ticket=PM-233 ; observation=preuve-a-completer
J126 | 2026-06-17T11:30:55.744Z | Yao Kouassi | verification-redirect | vpn.sahel-vert.example | UTC=2026-06-17T11:30:55.744Z ; cible=vpn.sahel-vert.example ; extrait=preuve-18 ; commande=controle-demo-3 | phase=journal ; ticket=PM-210 ; observation=note-administrative
J127 | 2026-06-17T11:39:11.462Z | Yao Kouassi | revue-formulaire-contact | stock.sahel-vert.example | UTC=2026-06-17T11:39:11.462Z ; cible=stock.sahel-vert.example ; extrait=preuve-19 ; commande=controle-demo-4 | phase=triage ; ticket=PM-201 ; observation=bruit-normal
J128 | 2026-06-17T11:51:27.886Z | Yao Kouassi | lecture-journal-applicatif | paie.sahel-vert.example | UTC=2026-06-17T11:51:27.886Z ; cible=paie.sahel-vert.example ; extrait=preuve-20 ; commande=controle-demo-1 | phase=preuve ; ticket=PM-204 ; observation=point-de-controle
J129 | 2026-06-17T12:06:46.849Z | Yao Kouassi | controle-reponse-403 | www.sahel-vert.example | UTC=2026-06-17T12:06:46.849Z ; cible=www.sahel-vert.example ; extrait=preuve-21 ; commande=controle-demo-2 | phase=revue ; ticket=PM-207 ; observation=constat-a-confirmer
J130 | 2026-06-17T12:18:53.374Z | Yao Kouassi | revue-indexation | portail.sahel-vert.example | UTC=2026-06-17T12:18:53.374Z ; cible=portail.sahel-vert.example ; extrait=preuve-22 ; commande=controle-demo-3 | phase=journal ; ticket=PM-210 ; observation=note-administrative
J131 | 2026-06-17T12:30:39.826Z | Yao Kouassi | lecture-entete-http | mail.sahel-vert.example | UTC=2026-06-17T12:30:39.826Z ; cible=mail.sahel-vert.example ; extrait=preuve-23 ; commande=controle-demo-4 | phase=triage ; ticket=PM-201 ; observation=bruit-normal
J132 | 2026-06-17T12:40:09.809Z | Yao Kouassi | revue-certificat | vpn.sahel-vert.example | UTC=2026-06-17T12:40:09.809Z ; cible=vpn.sahel-vert.example ; extrait=preuve-24 ; commande=controle-demo-1 | phase=preuve ; ticket=PM-204 ; observation=point-de-controle
J133 | 2026-06-17T12:52:31.031Z | Yao Kouassi | controle-version-service | stock.sahel-vert.example | UTC=2026-06-17T12:52:31.031Z ; cible=stock.sahel-vert.example ; extrait=preuve-25 ; commande=controle-demo-2 | phase=revue ; ticket=PM-207 ; observation=constat-a-confirmer
J134 | 2026-06-17T13:04:16.566Z | Yao Kouassi | verification-redirect | paie.sahel-vert.example | UTC=2026-06-17T13:04:16.566Z ; cible=paie.sahel-vert.example ; extrait=preuve-26 ; commande=controle-demo-3 | phase=journal ; ticket=PM-210 ; observation=note-administrative
J135 | 2026-06-17T13:15:38.176Z | Yao Kouassi | revue-formulaire-contact | www.sahel-vert.example | UTC=2026-06-17T13:15:38.176Z ; cible=www.sahel-vert.example ; extrait=preuve-27 ; commande=controle-demo-4 | phase=triage ; ticket=PM-201 ; observation=bruit-normal
J136 | 2026-06-17T13:27:18.670Z | Yao Kouassi | lecture-journal-applicatif | portail.sahel-vert.example | UTC=2026-06-17T13:27:18.670Z ; cible=portail.sahel-vert.example ; extrait=preuve-28 ; commande=controle-demo-1 | phase=preuve ; ticket=PM-204 ; observation=point-de-controle
J137 | 2026-06-17T13:40:59.143Z | Yao Kouassi | controle-reponse-403 | mail.sahel-vert.example | UTC=2026-06-17T13:40:59.143Z ; cible=mail.sahel-vert.example ; extrait=preuve-29 ; commande=controle-demo-2 | phase=revue ; ticket=PM-207 ; observation=constat-a-confirmer
J138 | 2026-06-17T13:54:15.419Z | Yao Kouassi | revue-indexation | vpn.sahel-vert.example | UTC=2026-06-17T13:54:15.419Z ; cible=vpn.sahel-vert.example ; extrait=preuve-30 ; commande=controle-demo-3 | phase=journal ; ticket=PM-210 ; observation=note-administrative
J139 | 2026-06-17T14:06:46.226Z | Yao Kouassi | lecture-entete-http | stock.sahel-vert.example | UTC=2026-06-17T14:06:46.226Z ; cible=stock.sahel-vert.example ; extrait=preuve-31 ; commande=controle-demo-4 | phase=triage ; ticket=PM-201 ; observation=bruit-normal
J140 | 2026-06-17T14:07:09Z | Yao Kouassi | depot-artefact-retest | portail.sahel-vert.example | UTC=2026-06-17T14:07:09Z ; cible=portail.sahel-vert.example ; extrait=token-demo-0007 ; commande=depot-documente | notification=NOTIF-304 ; artefact=token-demo-0007 ; exception=RE-08 ; retrait-prevu=2026-06-19
J141 | 2026-06-17T14:15:08.542Z | Yao Kouassi | revue-certificat | paie.sahel-vert.example | UTC=2026-06-17T14:15:08.542Z ; cible=paie.sahel-vert.example ; extrait=preuve-32 ; commande=controle-demo-1 | phase=preuve ; ticket=PM-204 ; observation=point-de-controle
J142 | 2026-06-17T14:29:28.571Z | Yao Kouassi | controle-version-service | www.sahel-vert.example | UTC=2026-06-17T14:29:28.571Z ; cible=www.sahel-vert.example ; extrait=preuve-33 ; commande=controle-demo-2 | phase=revue ; ticket=PM-207 ; observation=constat-a-confirmer
J143 | 2026-06-17T14:40:25.339Z | Yao Kouassi | verification-redirect | portail.sahel-vert.example | UTC=2026-06-17T14:40:25.339Z ; cible=portail.sahel-vert.example ; extrait=preuve-34 ; commande=controle-demo-3 | phase=journal ; ticket=PM-210 ; observation=note-administrative
J144 | 2026-06-17T14:52:09.578Z | Yao Kouassi | revue-formulaire-contact | mail.sahel-vert.example | UTC=2026-06-17T14:52:09.578Z ; cible=mail.sahel-vert.example ; extrait=preuve-35 ; commande=controle-demo-4 | phase=triage ; ticket=PM-201 ; observation=bruit-normal
J145 | 2026-06-17T15:06:45.906Z | Yao Kouassi | lecture-journal-applicatif | vpn.sahel-vert.example | UTC=2026-06-17T15:06:45.906Z ; cible=vpn.sahel-vert.example ; extrait=preuve-36 ; commande=controle-demo-1 | phase=preuve ; ticket=PM-204 ; observation=point-de-controle
J146 | 2026-06-17T15:16:20.325Z | Yao Kouassi | controle-reponse-403 | stock.sahel-vert.example | UTC=2026-06-17T15:16:20.325Z ; cible=stock.sahel-vert.example ; extrait=preuve-37 ; commande=controle-demo-2 | phase=revue ; ticket=PM-207 ; observation=constat-a-confirmer
J147 | 2026-06-17T15:29:02.486Z | Yao Kouassi | revue-indexation | paie.sahel-vert.example | UTC=2026-06-17T15:29:02.486Z ; cible=paie.sahel-vert.example ; extrait=preuve-38 ; commande=controle-demo-3 | phase=journal ; ticket=PM-210 ; observation=note-administrative
J148 | 2026-06-17T15:40:23.989Z | Yao Kouassi | lecture-entete-http | www.sahel-vert.example | UTC=2026-06-17T15:40:23.989Z ; cible=www.sahel-vert.example ; extrait=preuve-39 ; commande=controle-demo-4 | phase=triage ; ticket=PM-201 ; observation=bruit-normal
J149 | 2026-06-17T15:54:35.224Z | Yao Kouassi | revue-certificat | portail.sahel-vert.example | UTC=2026-06-17T15:54:35.224Z ; cible=portail.sahel-vert.example ; extrait=preuve-40 ; commande=controle-demo-1 | phase=preuve ; ticket=PM-204 ; observation=point-de-controle
J150 | 2026-06-17T16:06:09.151Z | Yao Kouassi | controle-version-service | mail.sahel-vert.example | UTC=2026-06-17T16:06:09.151Z ; cible=mail.sahel-vert.example ; extrait=preuve-41 ; commande=controle-demo-2 | phase=revue ; ticket=PM-207 ; observation=constat-a-confirmer
J151 | 2026-06-17T16:15:37.063Z | Yao Kouassi | verification-redirect | vpn.sahel-vert.example | UTC=2026-06-17T16:15:37.063Z ; cible=vpn.sahel-vert.example ; extrait=preuve-42 ; commande=controle-demo-3 | phase=journal ; ticket=PM-210 ; observation=note-administrative
J152 | 2026-06-17T16:28:37Z | Yao Kouassi | revue-auth-vpn | vpn.sahel-vert.example | UTC=2026-06-17T16:28:37Z ; cible=vpn.sahel-vert.example ; capture=ecran-vpn | ticket=PM-239 ; observation=preuve-a-completer
J153 | 2026-06-17T16:30:44.674Z | Yao Kouassi | revue-formulaire-contact | stock.sahel-vert.example | UTC=2026-06-17T16:30:44.674Z ; cible=stock.sahel-vert.example ; extrait=preuve-43 ; commande=controle-demo-4 | phase=triage ; ticket=PM-201 ; observation=bruit-normal
J154 | 2026-06-17T16:39:00.709Z | Yao Kouassi | lecture-journal-applicatif | paie.sahel-vert.example | UTC=2026-06-17T16:39:00.709Z ; cible=paie.sahel-vert.example ; extrait=preuve-44 ; commande=controle-demo-1 | phase=preuve ; ticket=PM-204 ; observation=point-de-controle
J155 | 2026-06-17T16:54:47.141Z | Yao Kouassi | controle-reponse-403 | www.sahel-vert.example | UTC=2026-06-17T16:54:47.141Z ; cible=www.sahel-vert.example ; extrait=preuve-45 ; commande=controle-demo-2 | phase=revue ; ticket=PM-207 ; observation=constat-a-confirmer
J156 | 2026-06-17T17:05:13.111Z | Yao Kouassi | revue-indexation | portail.sahel-vert.example | UTC=2026-06-17T17:05:13.111Z ; cible=portail.sahel-vert.example ; extrait=preuve-46 ; commande=controle-demo-3 | phase=journal ; ticket=PM-210 ; observation=note-administrative
J157 | 2026-06-17T17:18:10.625Z | Yao Kouassi | lecture-entete-http | mail.sahel-vert.example | UTC=2026-06-17T17:18:10.625Z ; cible=mail.sahel-vert.example ; extrait=preuve-47 ; commande=controle-demo-4 | phase=triage ; ticket=PM-201 ; observation=bruit-normal
J158 | 2026-06-17T17:29:50.194Z | Yao Kouassi | revue-certificat | vpn.sahel-vert.example | UTC=2026-06-17T17:29:50.194Z ; cible=vpn.sahel-vert.example ; extrait=preuve-48 ; commande=controle-demo-1 | phase=preuve ; ticket=PM-204 ; observation=point-de-controle
J159 | 2026-06-17T17:51:03Z | Yao Kouassi | revue-mail-headers | mail.sahel-vert.example | UTC=2026-06-17T17:51:03Z ; extrait=headers-mail ; commande=lecture-entetes | ticket=PM-244 ; observation=preuve-a-completer