2026-05-05T08:00:20.209Z | req=req-6003 | route=/api/reservations | db_user=resa_app_admin | rows=1 | duration_ms=19 | result_user=- | sql=INSERT INTO reservations (client_id, chambre_id, arrivee, depart) VALUES ($1, $2, $3, $4) RETURNING id | params=[1042, 212, "2026-05-18", "2026-05-20"]
2026-05-05T08:01:08.478Z | req=req-6006 | route=/api/chambres/recherche | db_user=resa_app_admin | rows=1 | duration_ms=22 | result_user=- | sql=SELECT id, code, ville, tarif FROM chambres WHERE ville = 'Porto-Novo' AND statut = 'libre' ORDER BY tarif ASC | params=[]
2026-05-05T08:01:59.309Z | req=req-6009 | route=/api/chambres/recherche | db_user=resa_app_admin | rows=4 | duration_ms=31 | result_user=- | sql=SELECT id, code, ville, tarif FROM chambres WHERE ville = 'Dakar' AND statut = 'libre' ORDER BY tarif ASC | params=[]
2026-05-05T08:02:18.083Z | req=req-6010 | route=/api/chambres/recherche | db_user=resa_app_admin | rows=1 | duration_ms=34 | result_user=- | sql=SELECT id, code, ville, tarif FROM chambres WHERE ville = 'Abidjan' AND statut = 'libre' ORDER BY tarif ASC | params=[]
2026-05-05T08:03:09.056Z | req=req-6013 | route=/api/chambres/recherche | db_user=resa_app_admin | rows=4 | duration_ms=16 | result_user=- | sql=SELECT id, code, ville, tarif FROM chambres WHERE ville = 'Porto-Novo' AND statut = 'libre' ORDER BY tarif ASC | params=[]
2026-05-05T08:03:28.286Z | req=req-6015 | route=/api/reservations | db_user=resa_app_admin | rows=1 | duration_ms=20 | result_user=- | sql=INSERT INTO reservations (client_id, chambre_id, arrivee, depart) VALUES ($1, $2, $3, $4) RETURNING id | params=[1042, 212, "2026-05-18", "2026-05-20"]
2026-05-05T08:03:45.593Z | req=req-6017 | route=/api/reservations | db_user=resa_app_admin | rows=1 | duration_ms=21 | result_user=- | sql=INSERT INTO reservations (client_id, chambre_id, arrivee, depart) VALUES ($1, $2, $3, $4) RETURNING id | params=[1042, 212, "2026-05-18", "2026-05-20"]
2026-05-05T08:03:59.475Z | req=req-6018 | route=/api/chambres/recherche | db_user=resa_app_admin | rows=3 | duration_ms=25 | result_user=- | sql=SELECT id, code, ville, tarif FROM chambres WHERE ville = 'Dakar' AND statut = 'libre' ORDER BY tarif ASC | params=[]
2026-05-05T08:04:19.883Z | req=req-6019 | route=/api/chambres/recherche | db_user=resa_app_admin | rows=4 | duration_ms=28 | result_user=- | sql=SELECT id, code, ville, tarif FROM chambres WHERE ville = 'Abidjan' AND statut = 'libre' ORDER BY tarif ASC | params=[]
2026-05-05T08:04:35.118Z | req=req-6020 | route=/api/chambres/recherche | db_user=resa_app_admin | rows=1 | duration_ms=31 | result_user=- | sql=SELECT id, code, ville, tarif FROM chambres WHERE ville = 'Lome' AND statut = 'libre' ORDER BY tarif ASC | params=[]
2026-05-05T08:06:51.145Z | req=req-6028 | route=/api/chambres/recherche | db_user=resa_app_admin | rows=1 | duration_ms=28 | result_user=- | sql=SELECT id, code, ville, tarif FROM chambres WHERE ville = 'N''Djamena' AND statut = 'libre' ORDER BY tarif ASC | params=[]
2026-05-05T08:07:56.880Z | req=req-6032 | route=/api/chambres/recherche | db_user=resa_app_admin | rows=1 | duration_ms=13 | result_user=- | sql=SELECT id, code, ville, tarif FROM chambres WHERE ville = 'Dakar' AND statut = 'libre' ORDER BY tarif ASC | params=[]
2026-05-05T08:08:34.908Z | req=req-6034 | route=/api/chambres/recherche | db_user=resa_app_admin | rows=3 | duration_ms=19 | result_user=- | sql=SELECT id, code, ville, tarif FROM chambres WHERE ville = 'Lome' AND statut = 'libre' ORDER BY tarif ASC | params=[]
2026-05-05T08:09:04.995Z | req=req-6037 | route=/api/reservations | db_user=resa_app_admin | rows=1 | duration_ms=20 | result_user=- | sql=INSERT INTO reservations (client_id, chambre_id, arrivee, depart) VALUES ($1, $2, $3, $4) RETURNING id | params=[1042, 212, "2026-05-18", "2026-05-20"]
2026-05-05T08:09:38.665Z | req=req-6039 | route=/api/chambres/recherche | db_user=resa_app_admin | rows=3 | duration_ms=31 | result_user=- | sql=SELECT id, code, ville, tarif FROM chambres WHERE ville = 'Saint-Louis' AND statut = 'libre' ORDER BY tarif ASC | params=[]
2026-05-05T08:10:14.106Z | req=req-6041 | route=/api/chambres/recherche | db_user=resa_app_admin | rows=1 | duration_ms=10 | result_user=- | sql=SELECT id, code, ville, tarif FROM chambres WHERE ville = 'Abidjan' AND statut = 'libre' ORDER BY tarif ASC | params=[]
2026-05-05T08:10:48.405Z | req=req-6043 | route=/api/chambres/recherche | db_user=resa_app_admin | rows=3 | duration_ms=16 | result_user=- | sql=SELECT id, code, ville, tarif FROM chambres WHERE ville = 'N''Djamena' AND statut = 'libre' ORDER BY tarif ASC | params=[]
2026-05-05T08:11:23.786Z | req=req-6046 | route=/api/reservations | db_user=resa_app_admin | rows=1 | duration_ms=18 | result_user=- | sql=INSERT INTO reservations (client_id, chambre_id, arrivee, depart) VALUES ($1, $2, $3, $4) RETURNING id | params=[1042, 212, "2026-05-18", "2026-05-20"]
2026-05-05T08:11:39.646Z | req=req-6048 | route=/api/reservations | db_user=resa_app_admin | rows=1 | duration_ms=19 | result_user=- | sql=INSERT INTO reservations (client_id, chambre_id, arrivee, depart) VALUES ($1, $2, $3, $4) RETURNING id | params=[1042, 212, "2026-05-18", "2026-05-20"]
2026-05-05T08:12:15.491Z | req=req-6050 | route=/api/chambres/recherche | db_user=resa_app_admin | rows=4 | duration_ms=31 | result_user=- | sql=SELECT id, code, ville, tarif FROM chambres WHERE ville = 'Abidjan' AND statut = 'libre' ORDER BY tarif ASC | params=[]
2026-05-05T08:12:47.507Z | req=req-6053 | route=/api/reservations | db_user=resa_app_admin | rows=1 | duration_ms=18 | result_user=- | sql=INSERT INTO reservations (client_id, chambre_id, arrivee, depart) VALUES ($1, $2, $3, $4) RETURNING id | params=[1042, 212, "2026-05-18", "2026-05-20"]
2026-05-05T08:13:03.666Z | req=req-6054 | route=/api/chambres/recherche | db_user=resa_app_admin | rows=3 | duration_ms=13 | result_user=- | sql=SELECT id, code, ville, tarif FROM chambres WHERE ville = 'Porto-Novo' AND statut = 'libre' ORDER BY tarif ASC | params=[]
2026-05-05T08:13:21.588Z | req=req-6055 | route=/api/chambres/recherche | db_user=resa_app_admin | rows=4 | duration_ms=16 | result_user=- | sql=SELECT id, code, ville, tarif FROM chambres WHERE ville = 'Cotonou' AND statut = 'libre' ORDER BY tarif ASC | params=[]
2026-05-05T08:13:36.895Z | req=req-6056 | route=/api/chambres/recherche | db_user=resa_app_admin | rows=1 | duration_ms=19 | result_user=- | sql=SELECT id, code, ville, tarif FROM chambres WHERE ville = 'Saint-Louis' AND statut = 'libre' ORDER BY tarif ASC | params=[]
2026-05-05T08:14:11.676Z | req=req-6058 | route=/api/chambres/recherche | db_user=resa_app_admin | rows=3 | duration_ms=25 | result_user=- | sql=SELECT id, code, ville, tarif FROM chambres WHERE ville = 'Abidjan' AND statut = 'libre' ORDER BY tarif ASC | params=[]
2026-05-05T08:14:46.104Z | req=req-6060 | route=/api/chambres/recherche | db_user=resa_app_admin | rows=1 | duration_ms=31 | result_user=- | sql=SELECT id, code, ville, tarif FROM chambres WHERE ville = 'N''Djamena' AND statut = 'libre' ORDER BY tarif ASC | params=[]
2026-05-05T08:15:18.481Z | req=req-6063 | route=/api/reservations | db_user=resa_app_admin | rows=1 | duration_ms=22 | result_user=- | sql=INSERT INTO reservations (client_id, chambre_id, arrivee, depart) VALUES ($1, $2, $3, $4) RETURNING id | params=[1042, 212, "2026-05-18", "2026-05-20"]
2026-05-05T08:15:38.830Z | req=req-6064 | route=/api/chambres/recherche | db_user=resa_app_admin | rows=4 | duration_ms=13 | result_user=- | sql=SELECT id, code, ville, tarif FROM chambres WHERE ville = 'Saint-Louis' AND statut = 'libre' ORDER BY tarif ASC | params=[]
2026-05-05T08:15:54.067Z | req=req-6065 | route=/api/chambres/recherche | db_user=resa_app_admin | rows=1 | duration_ms=16 | result_user=- | sql=SELECT id, code, ville, tarif FROM chambres WHERE ville = 'Dakar' AND statut = 'libre' ORDER BY tarif ASC | params=[]
2026-05-05T08:16:11.863Z | req=req-6066 | route=/api/chambres/recherche | db_user=resa_app_admin | rows=2 | duration_ms=19 | result_user=- | sql=SELECT id, code, ville, tarif FROM chambres WHERE ville = 'Abidjan' AND statut = 'libre' ORDER BY tarif ASC | params=[]
2026-05-05T08:16:30.853Z | req=req-6067 | route=/api/chambres/recherche | db_user=resa_app_admin | rows=3 | duration_ms=22 | result_user=- | sql=SELECT id, code, ville, tarif FROM chambres WHERE ville = 'Lome' AND statut = 'libre' ORDER BY tarif ASC | params=[]
2026-05-05T08:17:04Z | req=req-6485 | route=/api/chambres/recherche | db_user=resa_app_admin | rows=0 | duration_ms=41 | result_user=- | sql=SELECT id, code, ville, tarif FROM chambres WHERE ville = '' OR '1'='1' AND statut = 'libre' ORDER BY tarif ASC | params=[]
2026-05-05T08:17:21.832Z | req=req-6070 | route=/api/chambres/recherche | db_user=resa_app_admin | rows=2 | duration_ms=31 | result_user=- | sql=SELECT id, code, ville, tarif FROM chambres WHERE ville = 'Cotonou' AND statut = 'libre' ORDER BY tarif ASC | params=[]
2026-05-05T08:17:52.459Z | req=req-6073 | route=/api/reservations | db_user=resa_app_admin | rows=1 | duration_ms=21 | result_user=- | sql=INSERT INTO reservations (client_id, chambre_id, arrivee, depart) VALUES ($1, $2, $3, $4) RETURNING id | params=[1042, 212, "2026-05-18", "2026-05-20"]
2026-05-05T08:18:08.026Z | req=req-6075 | route=/api/reservations | db_user=resa_app_admin | rows=1 | duration_ms=22 | result_user=- | sql=INSERT INTO reservations (client_id, chambre_id, arrivee, depart) VALUES ($1, $2, $3, $4) RETURNING id | params=[1042, 212, "2026-05-18", "2026-05-20"]
2026-05-05T08:18:25.499Z | req=req-6076 | route=/api/chambres/recherche | db_user=resa_app_admin | rows=2 | duration_ms=16 | result_user=- | sql=SELECT id, code, ville, tarif FROM chambres WHERE ville = 'Lome' AND statut = 'libre' ORDER BY tarif ASC | params=[]
2026-05-05T08:19:02.201Z | req=req-6078 | route=/api/chambres/recherche | db_user=resa_app_admin | rows=4 | duration_ms=22 | result_user=- | sql=SELECT id, code, ville, tarif FROM chambres WHERE ville = 'Porto-Novo' AND statut = 'libre' ORDER BY tarif ASC | params=[]
2026-05-05T08:19:12Z | req=req-6486 | route=/api/chambres/recherche | db_user=resa_app_admin | rows=0 | duration_ms=41 | result_user=- | sql=SELECT id, code, ville, tarif FROM chambres WHERE ville = 'Lome'--' AND statut = 'libre' ORDER BY tarif ASC | params=[]
2026-05-05T08:19:53.025Z | req=req-6082 | route=/api/reservations | db_user=resa_app_admin | rows=1 | duration_ms=18 | result_user=- | sql=INSERT INTO reservations (client_id, chambre_id, arrivee, depart) VALUES ($1, $2, $3, $4) RETURNING id | params=[1042, 212, "2026-05-18", "2026-05-20"]
2026-05-05T08:20:43.226Z | req=req-6085 | route=/api/chambres/recherche | db_user=resa_app_admin | rows=2 | duration_ms=13 | result_user=- | sql=SELECT id, code, ville, tarif FROM chambres WHERE ville = 'N''Djamena' AND statut = 'libre' ORDER BY tarif ASC | params=[]
2026-05-05T08:21:35.435Z | req=req-6088 | route=/api/chambres/recherche | db_user=resa_app_admin | rows=1 | duration_ms=22 | result_user=- | sql=SELECT id, code, ville, tarif FROM chambres WHERE ville = 'Saint-Louis' AND statut = 'libre' ORDER BY tarif ASC | params=[]
2026-05-05T08:22:09.205Z | req=req-6091 | route=/api/reservations | db_user=resa_app_admin | rows=1 | duration_ms=21 | result_user=- | sql=INSERT INTO reservations (client_id, chambre_id, arrivee, depart) VALUES ($1, $2, $3, $4) RETURNING id | params=[1042, 212, "2026-05-18", "2026-05-20"]
2026-05-05T08:23:18.192Z | req=req-6095 | route=/api/chambres/recherche | db_user=resa_app_admin | rows=3 | duration_ms=13 | result_user=- | sql=SELECT id, code, ville, tarif FROM chambres WHERE ville = 'Cotonou' AND statut = 'libre' ORDER BY tarif ASC | params=[]
2026-05-05T08:23:48.131Z | req=req-6097 | route=/api/chambres/recherche | db_user=resa_app_admin | rows=1 | duration_ms=19 | result_user=- | sql=SELECT id, code, ville, tarif FROM chambres WHERE ville = 'Dakar' AND statut = 'libre' ORDER BY tarif ASC | params=[]
2026-05-05T08:24:09.265Z | req=req-6098 | route=/api/chambres/recherche | db_user=resa_app_admin | rows=2 | duration_ms=22 | result_user=- | sql=SELECT id, code, ville, tarif FROM chambres WHERE ville = 'Abidjan' AND statut = 'libre' ORDER BY tarif ASC | params=[]
2026-05-05T08:24:22.982Z | req=req-6099 | route=/api/chambres/recherche | db_user=resa_app_admin | rows=3 | duration_ms=25 | result_user=- | sql=SELECT id, code, ville, tarif FROM chambres WHERE ville = 'Lome' AND statut = 'libre' ORDER BY tarif ASC | params=[]
2026-05-05T08:24:43.278Z | req=req-6100 | route=/api/chambres/recherche | db_user=resa_app_admin | rows=4 | duration_ms=28 | result_user=- | sql=SELECT id, code, ville, tarif FROM chambres WHERE ville = 'N''Djamena' AND statut = 'libre' ORDER BY tarif ASC | params=[]
2026-05-05T08:24:56.721Z | req=req-6101 | route=/api/chambres/recherche | db_user=resa_app_admin | rows=1 | duration_ms=31 | result_user=- | sql=SELECT id, code, ville, tarif FROM chambres WHERE ville = 'Porto-Novo' AND statut = 'libre' ORDER BY tarif ASC | params=[]
2026-05-05T08:25:34.232Z | req=req-6103 | route=/api/chambres/recherche | db_user=resa_app_admin | rows=3 | duration_ms=10 | result_user=- | sql=SELECT id, code, ville, tarif FROM chambres WHERE ville = 'Saint-Louis' AND statut = 'libre' ORDER BY tarif ASC | params=[]
2026-05-05T08:25:49.279Z | req=req-6104 | route=/api/chambres/recherche | db_user=resa_app_admin | rows=4 | duration_ms=13 | result_user=- | sql=SELECT id, code, ville, tarif FROM chambres WHERE ville = 'Dakar' AND statut = 'libre' ORDER BY tarif ASC | params=[]
2026-05-05T08:26:08.520Z | req=req-6105 | route=/api/chambres/recherche | db_user=resa_app_admin | rows=1 | duration_ms=16 | result_user=- | sql=SELECT id, code, ville, tarif FROM chambres WHERE ville = 'Abidjan' AND statut = 'libre' ORDER BY tarif ASC | params=[]
2026-05-05T08:26:09Z | req=req-6487 | route=/api/chambres/recherche | db_user=resa_app_admin | rows=37 | duration_ms=96 | result_user=- | sql=SELECT id, code, ville, tarif FROM chambres WHERE ville = '' UNION SELECT client_id, nom, email, 0 FROM clients_reservations --' AND statut = 'libre' ORDER BY tarif ASC | params=[]
2026-05-05T08:26:39.093Z | req=req-6107 | route=/api/chambres/recherche | db_user=resa_app_admin | rows=3 | duration_ms=22 | result_user=- | sql=SELECT id, code, ville, tarif FROM chambres WHERE ville = 'N''Djamena' AND statut = 'libre' ORDER BY tarif ASC | params=[]
2026-05-05T08:26:58.579Z | req=req-6108 | route=/api/chambres/recherche | db_user=resa_app_admin | rows=4 | duration_ms=25 | result_user=- | sql=SELECT id, code, ville, tarif FROM chambres WHERE ville = 'Porto-Novo' AND statut = 'libre' ORDER BY tarif ASC | params=[]
2026-05-05T08:27:15.227Z | req=req-6109 | route=/api/chambres/recherche | db_user=resa_app_admin | rows=1 | duration_ms=28 | result_user=- | sql=SELECT id, code, ville, tarif FROM chambres WHERE ville = 'Cotonou' AND statut = 'libre' ORDER BY tarif ASC | params=[]
2026-05-05T08:27:47.480Z | req=req-6111 | route=/api/chambres/recherche | db_user=resa_app_admin | rows=3 | duration_ms=34 | result_user=- | sql=SELECT id, code, ville, tarif FROM chambres WHERE ville = 'Dakar' AND statut = 'libre' ORDER BY tarif ASC | params=[]
2026-05-05T08:28:03.330Z | req=req-6112 | route=/api/chambres/recherche | db_user=resa_app_admin | rows=4 | duration_ms=10 | result_user=- | sql=SELECT id, code, ville, tarif FROM chambres WHERE ville = 'Abidjan' AND statut = 'libre' ORDER BY tarif ASC | params=[]
2026-05-05T08:28:24.243Z | req=req-6114 | route=/api/reservations | db_user=resa_app_admin | rows=1 | duration_ms=18 | result_user=- | sql=INSERT INTO reservations (client_id, chambre_id, arrivee, depart) VALUES ($1, $2, $3, $4) RETURNING id | params=[1042, 212, "2026-05-18", "2026-05-20"]
2026-05-05T08:29:29.901Z | req=req-6118 | route=/api/chambres/recherche | db_user=resa_app_admin | rows=1 | duration_ms=25 | result_user=- | sql=SELECT id, code, ville, tarif FROM chambres WHERE ville = 'Saint-Louis' AND statut = 'libre' ORDER BY tarif ASC | params=[]
2026-05-05T08:29:45.815Z | req=req-6119 | route=/api/chambres/recherche | db_user=resa_app_admin | rows=2 | duration_ms=28 | result_user=- | sql=SELECT id, code, ville, tarif FROM chambres WHERE ville = 'Dakar' AND statut = 'libre' ORDER BY tarif ASC | params=[]
2026-05-05T08:31:12.065Z | req=req-6124 | route=/api/chambres/recherche | db_user=resa_app_admin | rows=3 | duration_ms=16 | result_user=- | sql=SELECT id, code, ville, tarif FROM chambres WHERE ville = 'Cotonou' AND statut = 'libre' ORDER BY tarif ASC | params=[]
2026-05-05T08:31:30.497Z | req=req-6125 | route=/api/chambres/recherche | db_user=resa_app_admin | rows=4 | duration_ms=19 | result_user=- | sql=SELECT id, code, ville, tarif FROM chambres WHERE ville = 'Saint-Louis' AND statut = 'libre' ORDER BY tarif ASC | params=[]
2026-05-05T08:31:48.839Z | req=req-6126 | route=/api/chambres/recherche | db_user=resa_app_admin | rows=1 | duration_ms=22 | result_user=- | sql=SELECT id, code, ville, tarif FROM chambres WHERE ville = 'Dakar' AND statut = 'libre' ORDER BY tarif ASC | params=[]
2026-05-05T08:32:02.924Z | req=req-6127 | route=/api/chambres/recherche | db_user=resa_app_admin | rows=2 | duration_ms=25 | result_user=- | sql=SELECT id, code, ville, tarif FROM chambres WHERE ville = 'Abidjan' AND statut = 'libre' ORDER BY tarif ASC | params=[]
2026-05-05T08:32:22.491Z | req=req-6128 | route=/api/chambres/recherche | db_user=resa_app_admin | rows=3 | duration_ms=28 | result_user=- | sql=SELECT id, code, ville, tarif FROM chambres WHERE ville = 'Lome' AND statut = 'libre' ORDER BY tarif ASC | params=[]
2026-05-05T08:33:12.030Z | req=req-6131 | route=/api/chambres/recherche | db_user=resa_app_admin | rows=2 | duration_ms=10 | result_user=- | sql=SELECT id, code, ville, tarif FROM chambres WHERE ville = 'Cotonou' AND statut = 'libre' ORDER BY tarif ASC | params=[]
2026-05-05T08:33:41Z | req=req-6488 | route=/api/chambres/recherche | db_user=resa_app_admin | rows=29 | duration_ms=96 | result_user=- | sql=SELECT id, code, ville, tarif FROM chambres WHERE ville = '' UNION SELECT client_id, nom, email, 0 FROM clients_reservations --' AND statut = 'libre' ORDER BY tarif ASC | params=[]
2026-05-05T08:34:17.236Z | req=req-6135 | route=/api/chambres/recherche | db_user=resa_app_admin | rows=2 | duration_ms=22 | result_user=- | sql=SELECT id, code, ville, tarif FROM chambres WHERE ville = 'Lome' AND statut = 'libre' ORDER BY tarif ASC | params=[]
2026-05-05T08:34:38.423Z | req=req-6137 | route=/api/reservations | db_user=resa_app_admin | rows=1 | duration_ms=20 | result_user=- | sql=INSERT INTO reservations (client_id, chambre_id, arrivee, depart) VALUES ($1, $2, $3, $4) RETURNING id | params=[1042, 212, "2026-05-18", "2026-05-20"]
2026-05-05T08:35:42.460Z | req=req-6141 | route=/api/chambres/recherche | db_user=resa_app_admin | rows=3 | duration_ms=10 | result_user=- | sql=SELECT id, code, ville, tarif FROM chambres WHERE ville = 'Dakar' AND statut = 'libre' ORDER BY tarif ASC | params=[]
2026-05-05T08:36:17.882Z | req=req-6144 | route=/api/reservations | db_user=resa_app_admin | rows=1 | duration_ms=21 | result_user=- | sql=INSERT INTO reservations (client_id, chambre_id, arrivee, depart) VALUES ($1, $2, $3, $4) RETURNING id | params=[1042, 212, "2026-05-18", "2026-05-20"]
2026-05-05T08:36:35.224Z | req=req-6145 | route=/api/chambres/recherche | db_user=resa_app_admin | rows=2 | duration_ms=19 | result_user=- | sql=SELECT id, code, ville, tarif FROM chambres WHERE ville = 'N''Djamena' AND statut = 'libre' ORDER BY tarif ASC | params=[]
2026-05-05T08:37:43.579Z | req=req-6149 | route=/api/chambres/recherche | db_user=resa_app_admin | rows=2 | duration_ms=31 | result_user=- | sql=SELECT id, code, ville, tarif FROM chambres WHERE ville = 'Dakar' AND statut = 'libre' ORDER BY tarif ASC | params=[]
2026-05-05T08:38:19.321Z | req=req-6151 | route=/api/chambres/recherche | db_user=resa_app_admin | rows=4 | duration_ms=10 | result_user=- | sql=SELECT id, code, ville, tarif FROM chambres WHERE ville = 'Lome' AND statut = 'libre' ORDER BY tarif ASC | params=[]
2026-05-05T08:38:36.181Z | req=req-6152 | route=/api/chambres/recherche | db_user=resa_app_admin | rows=1 | duration_ms=13 | result_user=- | sql=SELECT id, code, ville, tarif FROM chambres WHERE ville = 'N''Djamena' AND statut = 'libre' ORDER BY tarif ASC | params=[]
2026-05-05T08:38:53.953Z | req=req-6153 | route=/api/chambres/recherche | db_user=resa_app_admin | rows=2 | duration_ms=16 | result_user=- | sql=SELECT id, code, ville, tarif FROM chambres WHERE ville = 'Porto-Novo' AND statut = 'libre' ORDER BY tarif ASC | params=[]
2026-05-05T08:39:07.577Z | req=req-6154 | route=/api/chambres/recherche | db_user=resa_app_admin | rows=3 | duration_ms=19 | result_user=- | sql=SELECT id, code, ville, tarif FROM chambres WHERE ville = 'Cotonou' AND statut = 'libre' ORDER BY tarif ASC | params=[]
2026-05-05T08:39:42.059Z | req=req-6156 | route=/api/chambres/recherche | db_user=resa_app_admin | rows=1 | duration_ms=25 | result_user=- | sql=SELECT id, code, ville, tarif FROM chambres WHERE ville = 'Dakar' AND statut = 'libre' ORDER BY tarif ASC | params=[]
2026-05-05T08:39:58.438Z | req=req-6158 | route=/api/reservations | db_user=resa_app_admin | rows=1 | duration_ms=19 | result_user=- | sql=INSERT INTO reservations (client_id, chambre_id, arrivee, depart) VALUES ($1, $2, $3, $4) RETURNING id | params=[1042, 212, "2026-05-18", "2026-05-20"]
2026-05-05T08:40:16.980Z | req=req-6159 | route=/api/chambres/recherche | db_user=resa_app_admin | rows=3 | duration_ms=31 | result_user=- | sql=SELECT id, code, ville, tarif FROM chambres WHERE ville = 'Lome' AND statut = 'libre' ORDER BY tarif ASC | params=[]
2026-05-05T08:41:05.676Z | req=req-6162 | route=/api/chambres/recherche | db_user=resa_app_admin | rows=2 | duration_ms=13 | result_user=- | sql=SELECT id, code, ville, tarif FROM chambres WHERE ville = 'Cotonou' AND statut = 'libre' ORDER BY tarif ASC | params=[]
2026-05-05T08:41:22.941Z | req=req-6163 | route=/api/chambres/recherche | db_user=resa_app_admin | rows=3 | duration_ms=16 | result_user=- | sql=SELECT id, code, ville, tarif FROM chambres WHERE ville = 'Saint-Louis' AND statut = 'libre' ORDER BY tarif ASC | params=[]
2026-05-05T08:41:58.046Z | req=req-6165 | route=/api/chambres/recherche | db_user=resa_app_admin | rows=1 | duration_ms=22 | result_user=- | sql=SELECT id, code, ville, tarif FROM chambres WHERE ville = 'Abidjan' AND statut = 'libre' ORDER BY tarif ASC | params=[]
2026-05-05T08:42:13.338Z | req=req-6167 | route=/api/reservations | db_user=resa_app_admin | rows=1 | duration_ms=22 | result_user=- | sql=INSERT INTO reservations (client_id, chambre_id, arrivee, depart) VALUES ($1, $2, $3, $4) RETURNING id | params=[1042, 212, "2026-05-18", "2026-05-20"]
2026-05-05T08:42:49.412Z | req=req-6169 | route=/api/chambres/recherche | db_user=resa_app_admin | rows=4 | duration_ms=31 | result_user=- | sql=SELECT id, code, ville, tarif FROM chambres WHERE ville = 'Porto-Novo' AND statut = 'libre' ORDER BY tarif ASC | params=[]
2026-05-05T08:43:22.283Z | req=req-6172 | route=/api/reservations | db_user=resa_app_admin | rows=1 | duration_ms=21 | result_user=- | sql=INSERT INTO reservations (client_id, chambre_id, arrivee, depart) VALUES ($1, $2, $3, $4) RETURNING id | params=[1042, 212, "2026-05-18", "2026-05-20"]
2026-05-05T08:43:41.157Z | req=req-6173 | route=/api/chambres/recherche | db_user=resa_app_admin | rows=3 | duration_ms=13 | result_user=- | sql=SELECT id, code, ville, tarif FROM chambres WHERE ville = 'Dakar' AND statut = 'libre' ORDER BY tarif ASC | params=[]
2026-05-05T08:43:55.269Z | req=req-6174 | route=/api/chambres/recherche | db_user=resa_app_admin | rows=4 | duration_ms=16 | result_user=- | sql=SELECT id, code, ville, tarif FROM chambres WHERE ville = 'Abidjan' AND statut = 'libre' ORDER BY tarif ASC | params=[]
2026-05-05T08:44:13.034Z | req=req-6175 | route=/api/chambres/recherche | db_user=resa_app_admin | rows=1 | duration_ms=19 | result_user=- | sql=SELECT id, code, ville, tarif FROM chambres WHERE ville = 'Lome' AND statut = 'libre' ORDER BY tarif ASC | params=[]
2026-05-05T08:44:23Z | req=req-6489 | route=/api/chambres/recherche | db_user=resa_app_admin | rows=0 | duration_ms=41 | result_user=- | sql=SELECT id, code, ville, tarif FROM chambres WHERE ville = '' OR 1=1' AND statut = 'libre' ORDER BY tarif ASC | params=[]
2026-05-05T08:44:31.868Z | req=req-6176 | route=/api/chambres/recherche | db_user=resa_app_admin | rows=2 | duration_ms=22 | result_user=- | sql=SELECT id, code, ville, tarif FROM chambres WHERE ville = 'N''Djamena' AND statut = 'libre' ORDER BY tarif ASC | params=[]
2026-05-05T08:44:50.066Z | req=req-6177 | route=/api/chambres/recherche | db_user=resa_app_admin | rows=3 | duration_ms=25 | result_user=- | sql=SELECT id, code, ville, tarif FROM chambres WHERE ville = 'Porto-Novo' AND statut = 'libre' ORDER BY tarif ASC | params=[]
2026-05-05T08:45:38.033Z | req=req-6180 | route=/api/chambres/recherche | db_user=resa_app_admin | rows=2 | duration_ms=34 | result_user=- | sql=SELECT id, code, ville, tarif FROM chambres WHERE ville = 'Dakar' AND statut = 'libre' ORDER BY tarif ASC | params=[]
2026-05-05T08:45:54.242Z | req=req-6182 | route=/api/reservations | db_user=resa_app_admin | rows=1 | duration_ms=20 | result_user=- | sql=INSERT INTO reservations (client_id, chambre_id, arrivee, depart) VALUES ($1, $2, $3, $4) RETURNING id | params=[1042, 212, "2026-05-18", "2026-05-20"]
2026-05-05T08:46:31.538Z | req=req-6184 | route=/api/chambres/recherche | db_user=resa_app_admin | rows=1 | duration_ms=16 | result_user=- | sql=SELECT id, code, ville, tarif FROM chambres WHERE ville = 'N''Djamena' AND statut = 'libre' ORDER BY tarif ASC | params=[]
2026-05-05T08:47:03.708Z | req=req-6186 | route=/api/chambres/recherche | db_user=resa_app_admin | rows=3 | duration_ms=22 | result_user=- | sql=SELECT id, code, ville, tarif FROM chambres WHERE ville = 'Cotonou' AND statut = 'libre' ORDER BY tarif ASC | params=[]
2026-05-05T08:47:38.151Z | req=req-6188 | route=/api/chambres/recherche | db_user=resa_app_admin | rows=1 | duration_ms=28 | result_user=- | sql=SELECT id, code, ville, tarif FROM chambres WHERE ville = 'Dakar' AND statut = 'libre' ORDER BY tarif ASC | params=[]
2026-05-05T08:48:28.425Z | req=req-6191 | route=/api/chambres/recherche | db_user=resa_app_admin | rows=4 | duration_ms=10 | result_user=- | sql=SELECT id, code, ville, tarif FROM chambres WHERE ville = 'N''Djamena' AND statut = 'libre' ORDER BY tarif ASC | params=[]
2026-05-05T08:49:54.497Z | req=req-6197 | route=/api/reservations | db_user=resa_app_admin | rows=1 | duration_ms=19 | result_user=- | sql=INSERT INTO reservations (client_id, chambre_id, arrivee, depart) VALUES ($1, $2, $3, $4) RETURNING id | params=[1042, 212, "2026-05-18", "2026-05-20"]
2026-05-05T08:50:10.761Z | req=req-6198 | route=/api/chambres/recherche | db_user=resa_app_admin | rows=2 | duration_ms=28 | result_user=- | sql=SELECT id, code, ville, tarif FROM chambres WHERE ville = 'Lome' AND statut = 'libre' ORDER BY tarif ASC | params=[]
2026-05-05T08:50:43.509Z | req=req-6200 | route=/api/chambres/recherche | db_user=resa_app_admin | rows=4 | duration_ms=34 | result_user=- | sql=SELECT id, code, ville, tarif FROM chambres WHERE ville = 'Porto-Novo' AND statut = 'libre' ORDER BY tarif ASC | params=[]
2026-05-05T08:51:51.193Z | req=req-6204 | route=/api/chambres/recherche | db_user=resa_app_admin | rows=4 | duration_ms=19 | result_user=- | sql=SELECT id, code, ville, tarif FROM chambres WHERE ville = 'Abidjan' AND statut = 'libre' ORDER BY tarif ASC | params=[]
2026-05-05T08:53:00.785Z | req=req-6208 | route=/api/chambres/recherche | db_user=resa_app_admin | rows=4 | duration_ms=31 | result_user=- | sql=SELECT id, code, ville, tarif FROM chambres WHERE ville = 'Cotonou' AND statut = 'libre' ORDER BY tarif ASC | params=[]
2026-05-05T08:53:17.361Z | req=req-6209 | route=/api/chambres/recherche | db_user=resa_app_admin | rows=1 | duration_ms=34 | result_user=- | sql=SELECT id, code, ville, tarif FROM chambres WHERE ville = 'Saint-Louis' AND statut = 'libre' ORDER BY tarif ASC | params=[]
2026-05-05T08:53:50.278Z | req=req-6211 | route=/api/chambres/recherche | db_user=resa_app_admin | rows=3 | duration_ms=13 | result_user=- | sql=SELECT id, code, ville, tarif FROM chambres WHERE ville = 'Abidjan' AND statut = 'libre' ORDER BY tarif ASC | params=[]
2026-05-05T08:54:07.921Z | req=req-6212 | route=/api/chambres/recherche | db_user=resa_app_admin | rows=4 | duration_ms=16 | result_user=- | sql=SELECT id, code, ville, tarif FROM chambres WHERE ville = 'Lome' AND statut = 'libre' ORDER BY tarif ASC | params=[]
2026-05-05T08:54:27.264Z | req=req-6214 | route=/api/reservations | db_user=resa_app_admin | rows=1 | duration_ms=20 | result_user=- | sql=INSERT INTO reservations (client_id, chambre_id, arrivee, depart) VALUES ($1, $2, $3, $4) RETURNING id | params=[1042, 212, "2026-05-18", "2026-05-20"]
2026-05-05T08:54:45.110Z | req=req-6215 | route=/api/chambres/recherche | db_user=resa_app_admin | rows=2 | duration_ms=22 | result_user=- | sql=SELECT id, code, ville, tarif FROM chambres WHERE ville = 'Porto-Novo' AND statut = 'libre' ORDER BY tarif ASC | params=[]
2026-05-05T08:55:34.522Z | req=req-6219 | route=/api/reservations | db_user=resa_app_admin | rows=1 | duration_ms=19 | result_user=- | sql=INSERT INTO reservations (client_id, chambre_id, arrivee, depart) VALUES ($1, $2, $3, $4) RETURNING id | params=[1042, 212, "2026-05-18", "2026-05-20"]
2026-05-05T08:55:50.654Z | req=req-6220 | route=/api/chambres/recherche | db_user=resa_app_admin | rows=2 | duration_ms=34 | result_user=- | sql=SELECT id, code, ville, tarif FROM chambres WHERE ville = 'Abidjan' AND statut = 'libre' ORDER BY tarif ASC | params=[]
2026-05-05T08:56:27.244Z | req=req-6223 | route=/api/reservations | db_user=resa_app_admin | rows=1 | duration_ms=22 | result_user=- | sql=INSERT INTO reservations (client_id, chambre_id, arrivee, depart) VALUES ($1, $2, $3, $4) RETURNING id | params=[1042, 212, "2026-05-18", "2026-05-20"]
2026-05-05T08:56:40.831Z | req=req-6224 | route=/api/chambres/recherche | db_user=resa_app_admin | rows=1 | duration_ms=16 | result_user=- | sql=SELECT id, code, ville, tarif FROM chambres WHERE ville = 'Porto-Novo' AND statut = 'libre' ORDER BY tarif ASC | params=[]
2026-05-05T08:56:57.286Z | req=req-6225 | route=/api/chambres/recherche | db_user=resa_app_admin | rows=2 | duration_ms=19 | result_user=- | sql=SELECT id, code, ville, tarif FROM chambres WHERE ville = 'Cotonou' AND statut = 'libre' ORDER BY tarif ASC | params=[]
2026-05-05T08:57:17.090Z | req=req-6226 | route=/api/chambres/recherche | db_user=resa_app_admin | rows=3 | duration_ms=22 | result_user=- | sql=SELECT id, code, ville, tarif FROM chambres WHERE ville = 'Saint-Louis' AND statut = 'libre' ORDER BY tarif ASC | params=[]
2026-05-05T08:57:50.744Z | req=req-6228 | route=/api/chambres/recherche | db_user=resa_app_admin | rows=1 | duration_ms=28 | result_user=- | sql=SELECT id, code, ville, tarif FROM chambres WHERE ville = 'Abidjan' AND statut = 'libre' ORDER BY tarif ASC | params=[]
2026-05-05T08:58:07.015Z | req=req-6229 | route=/api/chambres/recherche | db_user=resa_app_admin | rows=2 | duration_ms=31 | result_user=- | sql=SELECT id, code, ville, tarif FROM chambres WHERE ville = 'Lome' AND statut = 'libre' ORDER BY tarif ASC | params=[]
2026-05-05T08:58:11Z | req=req-6490 | route=/api/chambres/recherche | db_user=resa_app_admin | rows=24 | duration_ms=96 | result_user=- | sql=SELECT id, code, ville, tarif FROM chambres WHERE ville = '' UNION SELECT client_id, nom, email, 0 FROM clients_reservations --' AND statut = 'libre' ORDER BY tarif ASC | params=[]
2026-05-05T08:58:23.107Z | req=req-6230 | route=/api/chambres/recherche | db_user=resa_app_admin | rows=3 | duration_ms=34 | result_user=- | sql=SELECT id, code, ville, tarif FROM chambres WHERE ville = 'N''Djamena' AND statut = 'libre' ORDER BY tarif ASC | params=[]
2026-05-05T08:59:14.409Z | req=req-6233 | route=/api/chambres/recherche | db_user=resa_app_admin | rows=2 | duration_ms=16 | result_user=- | sql=SELECT id, code, ville, tarif FROM chambres WHERE ville = 'Saint-Louis' AND statut = 'libre' ORDER BY tarif ASC | params=[]
2026-05-05T08:59:33.442Z | req=req-6235 | route=/api/reservations | db_user=resa_app_admin | rows=1 | duration_ms=18 | result_user=- | sql=INSERT INTO reservations (client_id, chambre_id, arrivee, depart) VALUES ($1, $2, $3, $4) RETURNING id | params=[1042, 212, "2026-05-18", "2026-05-20"]
2026-05-05T08:59:50.718Z | req=req-6236 | route=/api/chambres/recherche | db_user=resa_app_admin | rows=4 | duration_ms=22 | result_user=- | sql=SELECT id, code, ville, tarif FROM chambres WHERE ville = 'Abidjan' AND statut = 'libre' ORDER BY tarif ASC | params=[]
2026-05-05T09:00:07.433Z | req=req-6237 | route=/api/chambres/recherche | db_user=resa_app_admin | rows=1 | duration_ms=25 | result_user=- | sql=SELECT id, code, ville, tarif FROM chambres WHERE ville = 'Lome' AND statut = 'libre' ORDER BY tarif ASC | params=[]
2026-05-05T09:00:22.035Z | req=req-6239 | route=/api/reservations | db_user=resa_app_admin | rows=1 | duration_ms=21 | result_user=- | sql=INSERT INTO reservations (client_id, chambre_id, arrivee, depart) VALUES ($1, $2, $3, $4) RETURNING id | params=[1042, 212, "2026-05-18", "2026-05-20"]
2026-05-05T09:00:42.316Z | req=req-6240 | route=/api/chambres/recherche | db_user=resa_app_admin | rows=3 | duration_ms=31 | result_user=- | sql=SELECT id, code, ville, tarif FROM chambres WHERE ville = 'Porto-Novo' AND statut = 'libre' ORDER BY tarif ASC | params=[]
2026-05-05T09:00:59.889Z | req=req-6241 | route=/api/chambres/recherche | db_user=resa_app_admin | rows=4 | duration_ms=34 | result_user=- | sql=SELECT id, code, ville, tarif FROM chambres WHERE ville = 'Cotonou' AND statut = 'libre' ORDER BY tarif ASC | params=[]
2026-05-05T09:01:30.359Z | req=req-6244 | route=/api/reservations | db_user=resa_app_admin | rows=1 | duration_ms=20 | result_user=- | sql=INSERT INTO reservations (client_id, chambre_id, arrivee, depart) VALUES ($1, $2, $3, $4) RETURNING id | params=[1042, 212, "2026-05-18", "2026-05-20"]
2026-05-05T09:01:48.288Z | req=req-6246 | route=/api/reservations | db_user=resa_app_admin | rows=1 | duration_ms=21 | result_user=- | sql=INSERT INTO reservations (client_id, chambre_id, arrivee, depart) VALUES ($1, $2, $3, $4) RETURNING id | params=[1042, 212, "2026-05-18", "2026-05-20"]
2026-05-05T09:02:05.737Z | req=req-6247 | route=/api/chambres/recherche | db_user=resa_app_admin | rows=4 | duration_ms=19 | result_user=- | sql=SELECT id, code, ville, tarif FROM chambres WHERE ville = 'Lome' AND statut = 'libre' ORDER BY tarif ASC | params=[]
2026-05-05T09:02:20.043Z | req=req-6248 | route=/api/chambres/recherche | db_user=resa_app_admin | rows=1 | duration_ms=22 | result_user=- | sql=SELECT id, code, ville, tarif FROM chambres WHERE ville = 'N''Djamena' AND statut = 'libre' ORDER BY tarif ASC | params=[]
2026-05-05T09:03:30.871Z | req=req-6252 | route=/api/chambres/recherche | db_user=resa_app_admin | rows=1 | duration_ms=34 | result_user=- | sql=SELECT id, code, ville, tarif FROM chambres WHERE ville = 'Dakar' AND statut = 'libre' ORDER BY tarif ASC | params=[]
2026-05-05T09:03:36Z | req=req-6491 | route=/api/chambres/recherche | db_user=resa_app_admin | rows=0 | duration_ms=41 | result_user=- | sql=SELECT id, code, ville, tarif FROM chambres WHERE ville = '' OR '1'='1' AND statut = 'libre' ORDER BY tarif ASC | params=[]
2026-05-05T09:04:03.936Z | req=req-6254 | route=/api/chambres/recherche | db_user=resa_app_admin | rows=3 | duration_ms=13 | result_user=- | sql=SELECT id, code, ville, tarif FROM chambres WHERE ville = 'Lome' AND statut = 'libre' ORDER BY tarif ASC | params=[]
2026-05-05T09:05:46.375Z | req=req-6260 | route=/api/chambres/recherche | db_user=resa_app_admin | rows=1 | duration_ms=31 | result_user=- | sql=SELECT id, code, ville, tarif FROM chambres WHERE ville = 'Abidjan' AND statut = 'libre' ORDER BY tarif ASC | params=[]
2026-05-05T09:06:04.570Z | req=req-6261 | route=/api/chambres/recherche | db_user=resa_app_admin | rows=2 | duration_ms=34 | result_user=- | sql=SELECT id, code, ville, tarif FROM chambres WHERE ville = 'Lome' AND statut = 'libre' ORDER BY tarif ASC | params=[]
2026-05-05T09:06:56.366Z | req=req-6265 | route=/api/reservations | db_user=resa_app_admin | rows=1 | duration_ms=19 | result_user=- | sql=INSERT INTO reservations (client_id, chambre_id, arrivee, depart) VALUES ($1, $2, $3, $4) RETURNING id | params=[1042, 212, "2026-05-18", "2026-05-20"]
2026-05-05T09:07:13.402Z | req=req-6266 | route=/api/chambres/recherche | db_user=resa_app_admin | rows=2 | duration_ms=19 | result_user=- | sql=SELECT id, code, ville, tarif FROM chambres WHERE ville = 'Saint-Louis' AND statut = 'libre' ORDER BY tarif ASC | params=[]
2026-05-05T09:07:45.842Z | req=req-6269 | route=/api/reservations | db_user=resa_app_admin | rows=1 | duration_ms=22 | result_user=- | sql=INSERT INTO reservations (client_id, chambre_id, arrivee, depart) VALUES ($1, $2, $3, $4) RETURNING id | params=[1042, 212, "2026-05-18", "2026-05-20"]
2026-05-05T09:08:04.439Z | req=req-6270 | route=/api/chambres/recherche | db_user=resa_app_admin | rows=1 | duration_ms=28 | result_user=- | sql=SELECT id, code, ville, tarif FROM chambres WHERE ville = 'Lome' AND statut = 'libre' ORDER BY tarif ASC | params=[]
2026-05-05T09:08:34.649Z | req=req-6272 | route=/api/chambres/recherche | db_user=resa_app_admin | rows=3 | duration_ms=34 | result_user=- | sql=SELECT id, code, ville, tarif FROM chambres WHERE ville = 'Porto-Novo' AND statut = 'libre' ORDER BY tarif ASC | params=[]
2026-05-05T09:08:53.445Z | req=req-6273 | route=/api/chambres/recherche | db_user=resa_app_admin | rows=4 | duration_ms=10 | result_user=- | sql=SELECT id, code, ville, tarif FROM chambres WHERE ville = 'Cotonou' AND statut = 'libre' ORDER BY tarif ASC | params=[]
2026-05-05T09:09:29.123Z | req=req-6276 | route=/api/reservations | db_user=resa_app_admin | rows=1 | duration_ms=18 | result_user=- | sql=INSERT INTO reservations (client_id, chambre_id, arrivee, depart) VALUES ($1, $2, $3, $4) RETURNING id | params=[1042, 212, "2026-05-18", "2026-05-20"]
2026-05-05T09:09:46.092Z | req=req-6277 | route=/api/chambres/recherche | db_user=resa_app_admin | rows=3 | duration_ms=19 | result_user=- | sql=SELECT id, code, ville, tarif FROM chambres WHERE ville = 'Abidjan' AND statut = 'libre' ORDER BY tarif ASC | params=[]
2026-05-05T09:10:03.924Z | req=req-6278 | route=/api/chambres/recherche | db_user=resa_app_admin | rows=4 | duration_ms=22 | result_user=- | sql=SELECT id, code, ville, tarif FROM chambres WHERE ville = 'Lome' AND statut = 'libre' ORDER BY tarif ASC | params=[]
2026-05-05T09:10:16.854Z | req=req-6279 | route=/api/chambres/recherche | db_user=resa_app_admin | rows=1 | duration_ms=25 | result_user=- | sql=SELECT id, code, ville, tarif FROM chambres WHERE ville = 'N''Djamena' AND statut = 'libre' ORDER BY tarif ASC | params=[]
2026-05-05T09:10:53.156Z | req=req-6281 | route=/api/chambres/recherche | db_user=resa_app_admin | rows=3 | duration_ms=31 | result_user=- | sql=SELECT id, code, ville, tarif FROM chambres WHERE ville = 'Cotonou' AND statut = 'libre' ORDER BY tarif ASC | params=[]
2026-05-05T09:11:26.837Z | req=req-6283 | route=/api/chambres/recherche | db_user=resa_app_admin | rows=1 | duration_ms=10 | result_user=- | sql=SELECT id, code, ville, tarif FROM chambres WHERE ville = 'Dakar' AND statut = 'libre' ORDER BY tarif ASC | params=[]
2026-05-05T09:12:01.847Z | req=req-6285 | route=/api/chambres/recherche | db_user=resa_app_admin | rows=3 | duration_ms=16 | result_user=- | sql=SELECT id, code, ville, tarif FROM chambres WHERE ville = 'Lome' AND statut = 'libre' ORDER BY tarif ASC | params=[]
2026-05-05T09:12:16.191Z | req=req-6286 | route=/api/chambres/recherche | db_user=resa_app_admin | rows=4 | duration_ms=19 | result_user=- | sql=SELECT id, code, ville, tarif FROM chambres WHERE ville = 'N''Djamena' AND statut = 'libre' ORDER BY tarif ASC | params=[]
2026-05-05T09:12:17Z | req=req-6492 | route=/api/chambres/recherche | db_user=resa_app_admin | rows=26 | duration_ms=96 | result_user=- | sql=SELECT id, code, ville, tarif FROM chambres WHERE ville = '' UNION SELECT client_id, nom, email, 0 FROM clients_reservations --' AND statut = 'libre' ORDER BY tarif ASC | params=[]
2026-05-05T09:12:32.451Z | req=req-6287 | route=/api/chambres/recherche | db_user=resa_app_admin | rows=1 | duration_ms=22 | result_user=- | sql=SELECT id, code, ville, tarif FROM chambres WHERE ville = 'Porto-Novo' AND statut = 'libre' ORDER BY tarif ASC | params=[]
2026-05-05T09:13:06.546Z | req=req-6289 | route=/api/chambres/recherche | db_user=resa_app_admin | rows=3 | duration_ms=28 | result_user=- | sql=SELECT id, code, ville, tarif FROM chambres WHERE ville = 'Saint-Louis' AND statut = 'libre' ORDER BY tarif ASC | params=[]
2026-05-05T09:13:57.159Z | req=req-6292 | route=/api/chambres/recherche | db_user=resa_app_admin | rows=2 | duration_ms=10 | result_user=- | sql=SELECT id, code, ville, tarif FROM chambres WHERE ville = 'Lome' AND statut = 'libre' ORDER BY tarif ASC | params=[]
2026-05-05T09:14:33.948Z | req=req-6294 | route=/api/chambres/recherche | db_user=resa_app_admin | rows=4 | duration_ms=16 | result_user=- | sql=SELECT id, code, ville, tarif FROM chambres WHERE ville = 'Porto-Novo' AND statut = 'libre' ORDER BY tarif ASC | params=[]
2026-05-05T09:14:52.620Z | req=req-6296 | route=/api/reservations | db_user=resa_app_admin | rows=1 | duration_ms=22 | result_user=- | sql=INSERT INTO reservations (client_id, chambre_id, arrivee, depart) VALUES ($1, $2, $3, $4) RETURNING id | params=[1042, 212, "2026-05-18", "2026-05-20"]
2026-05-05T09:15:43.760Z | req=req-6299 | route=/api/chambres/recherche | db_user=resa_app_admin | rows=4 | duration_ms=28 | result_user=- | sql=SELECT id, code, ville, tarif FROM chambres WHERE ville = 'Abidjan' AND statut = 'libre' ORDER BY tarif ASC | params=[]
2026-05-05T09:16:13.419Z | req=req-6301 | route=/api/chambres/recherche | db_user=resa_app_admin | rows=2 | duration_ms=34 | result_user=- | sql=SELECT id, code, ville, tarif FROM chambres WHERE ville = 'N''Djamena' AND statut = 'libre' ORDER BY tarif ASC | params=[]
2026-05-05T09:17:08.234Z | req=req-6304 | route=/api/chambres/recherche | db_user=resa_app_admin | rows=1 | duration_ms=16 | result_user=- | sql=SELECT id, code, ville, tarif FROM chambres WHERE ville = 'Saint-Louis' AND statut = 'libre' ORDER BY tarif ASC | params=[]
2026-05-05T09:17:25.825Z | req=req-6305 | route=/api/chambres/recherche | db_user=resa_app_admin | rows=2 | duration_ms=19 | result_user=- | sql=SELECT id, code, ville, tarif FROM chambres WHERE ville = 'Dakar' AND statut = 'libre' ORDER BY tarif ASC | params=[]
2026-05-05T09:17:57.242Z | req=req-6307 | route=/api/chambres/recherche | db_user=resa_app_admin | rows=4 | duration_ms=25 | result_user=- | sql=SELECT id, code, ville, tarif FROM chambres WHERE ville = 'Lome' AND statut = 'libre' ORDER BY tarif ASC | params=[]
2026-05-05T09:19:20.104Z | req=req-6313 | route=/api/reservations | db_user=resa_app_admin | rows=1 | duration_ms=18 | result_user=- | sql=INSERT INTO reservations (client_id, chambre_id, arrivee, depart) VALUES ($1, $2, $3, $4) RETURNING id | params=[1042, 212, "2026-05-18", "2026-05-20"]
2026-05-05T09:19:55.256Z | req=req-6316 | route=/api/reservations | db_user=resa_app_admin | rows=1 | duration_ms=20 | result_user=- | sql=INSERT INTO reservations (client_id, chambre_id, arrivee, depart) VALUES ($1, $2, $3, $4) RETURNING id | params=[1042, 212, "2026-05-18", "2026-05-20"]
2026-05-05T09:20:15.145Z | req=req-6317 | route=/api/chambres/recherche | db_user=resa_app_admin | rows=4 | duration_ms=22 | result_user=- | sql=SELECT id, code, ville, tarif FROM chambres WHERE ville = 'N''Djamena' AND statut = 'libre' ORDER BY tarif ASC | params=[]
2026-05-05T09:20:30.760Z | req=req-6318 | route=/api/chambres/recherche | db_user=resa_app_admin | rows=1 | duration_ms=25 | result_user=- | sql=SELECT id, code, ville, tarif FROM chambres WHERE ville = 'Porto-Novo' AND statut = 'libre' ORDER BY tarif ASC | params=[]
2026-05-05T09:21:05.417Z | req=req-6321 | route=/api/reservations | db_user=resa_app_admin | rows=1 | duration_ms=19 | result_user=- | sql=INSERT INTO reservations (client_id, chambre_id, arrivee, depart) VALUES ($1, $2, $3, $4) RETURNING id | params=[1042, 212, "2026-05-18", "2026-05-20"]
2026-05-05T09:21:21.966Z | req=req-6322 | route=/api/chambres/recherche | db_user=resa_app_admin | rows=4 | duration_ms=34 | result_user=- | sql=SELECT id, code, ville, tarif FROM chambres WHERE ville = 'Dakar' AND statut = 'libre' ORDER BY tarif ASC | params=[]
2026-05-05T09:21:38.412Z | req=req-6324 | route=/api/reservations | db_user=resa_app_admin | rows=1 | duration_ms=21 | result_user=- | sql=INSERT INTO reservations (client_id, chambre_id, arrivee, depart) VALUES ($1, $2, $3, $4) RETURNING id | params=[1042, 212, "2026-05-18", "2026-05-20"]
2026-05-05T09:21:57.713Z | req=req-6326 | route=/api/reservations | db_user=resa_app_admin | rows=1 | duration_ms=22 | result_user=- | sql=INSERT INTO reservations (client_id, chambre_id, arrivee, depart) VALUES ($1, $2, $3, $4) RETURNING id | params=[1042, 212, "2026-05-18", "2026-05-20"]
2026-05-05T09:22:11.247Z | req=req-6327 | route=/api/chambres/recherche | db_user=resa_app_admin | rows=3 | duration_ms=16 | result_user=- | sql=SELECT id, code, ville, tarif FROM chambres WHERE ville = 'N''Djamena' AND statut = 'libre' ORDER BY tarif ASC | params=[]
2026-05-05T09:22:30.656Z | req=req-6328 | route=/api/chambres/recherche | db_user=resa_app_admin | rows=4 | duration_ms=19 | result_user=- | sql=SELECT id, code, ville, tarif FROM chambres WHERE ville = 'Porto-Novo' AND statut = 'libre' ORDER BY tarif ASC | params=[]
2026-05-05T09:23:39.023Z | req=req-6333 | route=/api/reservations | db_user=resa_app_admin | rows=1 | duration_ms=18 | result_user=- | sql=INSERT INTO reservations (client_id, chambre_id, arrivee, depart) VALUES ($1, $2, $3, $4) RETURNING id | params=[1042, 212, "2026-05-18", "2026-05-20"]
2026-05-05T09:25:02.222Z | req=req-6338 | route=/api/chambres/recherche | db_user=resa_app_admin | rows=1 | duration_ms=19 | result_user=- | sql=SELECT id, code, ville, tarif FROM chambres WHERE ville = 'Saint-Louis' AND statut = 'libre' ORDER BY tarif ASC | params=[]
2026-05-05T09:25:21.949Z | req=req-6339 | route=/api/chambres/recherche | db_user=resa_app_admin | rows=2 | duration_ms=22 | result_user=- | sql=SELECT id, code, ville, tarif FROM chambres WHERE ville = 'Dakar' AND statut = 'libre' ORDER BY tarif ASC | params=[]
2026-05-05T09:26:45.009Z | req=req-6344 | route=/api/chambres/recherche | db_user=resa_app_admin | rows=3 | duration_ms=10 | result_user=- | sql=SELECT id, code, ville, tarif FROM chambres WHERE ville = 'Cotonou' AND statut = 'libre' ORDER BY tarif ASC | params=[]
2026-05-05T09:27:16.166Z | req=req-6346 | route=/api/chambres/recherche | db_user=resa_app_admin | rows=1 | duration_ms=16 | result_user=- | sql=SELECT id, code, ville, tarif FROM chambres WHERE ville = 'Dakar' AND statut = 'libre' ORDER BY tarif ASC | params=[]
2026-05-05T09:27:52.951Z | req=req-6348 | route=/api/chambres/recherche | db_user=resa_app_admin | rows=3 | duration_ms=22 | result_user=- | sql=SELECT id, code, ville, tarif FROM chambres WHERE ville = 'Lome' AND statut = 'libre' ORDER BY tarif ASC | params=[]
2026-05-05T09:28:02Z | req=req-6493 | route=/api/chambres/recherche | db_user=resa_app_admin | rows=0 | duration_ms=41 | result_user=- | sql=SELECT id, code, ville, tarif FROM chambres WHERE ville = '' OR '1'='1' AND statut = 'libre' ORDER BY tarif ASC | params=[]
2026-05-05T09:28:08.228Z | req=req-6350 | route=/api/reservations | db_user=resa_app_admin | rows=1 | duration_ms=19 | result_user=- | sql=INSERT INTO reservations (client_id, chambre_id, arrivee, depart) VALUES ($1, $2, $3, $4) RETURNING id | params=[1042, 212, "2026-05-18", "2026-05-20"]
2026-05-05T09:28:45.858Z | req=req-6352 | route=/api/chambres/recherche | db_user=resa_app_admin | rows=2 | duration_ms=31 | result_user=- | sql=SELECT id, code, ville, tarif FROM chambres WHERE ville = 'Cotonou' AND statut = 'libre' ORDER BY tarif ASC | params=[]
2026-05-05T09:29:01.624Z | req=req-6354 | route=/api/reservations | db_user=resa_app_admin | rows=1 | duration_ms=22 | result_user=- | sql=INSERT INTO reservations (client_id, chambre_id, arrivee, depart) VALUES ($1, $2, $3, $4) RETURNING id | params=[1042, 212, "2026-05-18", "2026-05-20"]
2026-05-05T09:29:18.526Z | req=req-6355 | route=/api/chambres/recherche | db_user=resa_app_admin | rows=4 | duration_ms=10 | result_user=- | sql=SELECT id, code, ville, tarif FROM chambres WHERE ville = 'Dakar' AND statut = 'libre' ORDER BY tarif ASC | params=[]
2026-05-05T09:29:52.587Z | req=req-6358 | route=/api/reservations | db_user=resa_app_admin | rows=1 | duration_ms=20 | result_user=- | sql=INSERT INTO reservations (client_id, chambre_id, arrivee, depart) VALUES ($1, $2, $3, $4) RETURNING id | params=[1042, 212, "2026-05-18", "2026-05-20"]
2026-05-05T09:30:10.614Z | req=req-6360 | route=/api/reservations | db_user=resa_app_admin | rows=1 | duration_ms=21 | result_user=- | sql=INSERT INTO reservations (client_id, chambre_id, arrivee, depart) VALUES ($1, $2, $3, $4) RETURNING id | params=[1042, 212, "2026-05-18", "2026-05-20"]
2026-05-05T09:31:01.512Z | req=req-6364 | route=/api/reservations | db_user=resa_app_admin | rows=1 | duration_ms=19 | result_user=- | sql=INSERT INTO reservations (client_id, chambre_id, arrivee, depart) VALUES ($1, $2, $3, $4) RETURNING id | params=[1042, 212, "2026-05-18", "2026-05-20"]
2026-05-05T09:32:06.020Z | req=req-6369 | route=/api/reservations | db_user=resa_app_admin | rows=1 | duration_ms=18 | result_user=- | sql=INSERT INTO reservations (client_id, chambre_id, arrivee, depart) VALUES ($1, $2, $3, $4) RETURNING id | params=[1042, 212, "2026-05-18", "2026-05-20"]
2026-05-05T09:32:40.934Z | req=req-6371 | route=/api/chambres/recherche | db_user=resa_app_admin | rows=4 | duration_ms=19 | result_user=- | sql=SELECT id, code, ville, tarif FROM chambres WHERE ville = 'Cotonou' AND statut = 'libre' ORDER BY tarif ASC | params=[]
2026-05-05T09:33:34.713Z | req=req-6374 | route=/api/chambres/recherche | db_user=resa_app_admin | rows=3 | duration_ms=28 | result_user=- | sql=SELECT id, code, ville, tarif FROM chambres WHERE ville = 'Abidjan' AND statut = 'libre' ORDER BY tarif ASC | params=[]
2026-05-05T09:34:42.782Z | req=req-6378 | route=/api/chambres/recherche | db_user=resa_app_admin | rows=3 | duration_ms=13 | result_user=- | sql=SELECT id, code, ville, tarif FROM chambres WHERE ville = 'Cotonou' AND statut = 'libre' ORDER BY tarif ASC | params=[]
2026-05-05T09:35:29.028Z | req=req-6381 | route=/api/chambres/recherche | db_user=resa_app_admin | rows=2 | duration_ms=22 | result_user=- | sql=SELECT id, code, ville, tarif FROM chambres WHERE ville = 'Abidjan' AND statut = 'libre' ORDER BY tarif ASC | params=[]
2026-05-05T09:35:46.292Z | req=req-6382 | route=/api/chambres/recherche | db_user=resa_app_admin | rows=3 | duration_ms=25 | result_user=- | sql=SELECT id, code, ville, tarif FROM chambres WHERE ville = 'Lome' AND statut = 'libre' ORDER BY tarif ASC | params=[]
2026-05-05T09:35:47Z | req=req-6494 | route=/api/chambres/recherche | db_user=resa_app_admin | rows=21 | duration_ms=96 | result_user=- | sql=SELECT id, code, ville, tarif FROM chambres WHERE ville = '' UNION SELECT client_id, nom, email, 0 FROM clients_reservations --' AND statut = 'libre' ORDER BY tarif ASC | params=[]
2026-05-05T09:36:41.786Z | req=req-6386 | route=/api/reservations | db_user=resa_app_admin | rows=1 | duration_ms=19 | result_user=- | sql=INSERT INTO reservations (client_id, chambre_id, arrivee, depart) VALUES ($1, $2, $3, $4) RETURNING id | params=[1042, 212, "2026-05-18", "2026-05-20"]
2026-05-05T09:36:54.998Z | req=req-6387 | route=/api/chambres/recherche | db_user=resa_app_admin | rows=3 | duration_ms=10 | result_user=- | sql=SELECT id, code, ville, tarif FROM chambres WHERE ville = 'Saint-Louis' AND statut = 'libre' ORDER BY tarif ASC | params=[]
2026-05-05T09:38:21.140Z | req=req-6393 | route=/api/reservations | db_user=resa_app_admin | rows=1 | duration_ms=20 | result_user=- | sql=INSERT INTO reservations (client_id, chambre_id, arrivee, depart) VALUES ($1, $2, $3, $4) RETURNING id | params=[1042, 212, "2026-05-18", "2026-05-20"]
2026-05-05T09:38:56.421Z | req=req-6395 | route=/api/chambres/recherche | db_user=resa_app_admin | rows=2 | duration_ms=31 | result_user=- | sql=SELECT id, code, ville, tarif FROM chambres WHERE ville = 'Saint-Louis' AND statut = 'libre' ORDER BY tarif ASC | params=[]
2026-05-05T09:39:13.549Z | req=req-6396 | route=/api/chambres/recherche | db_user=resa_app_admin | rows=3 | duration_ms=34 | result_user=- | sql=SELECT id, code, ville, tarif FROM chambres WHERE ville = 'Dakar' AND statut = 'libre' ORDER BY tarif ASC | params=[]
2026-05-05T09:40:35.855Z | req=req-6401 | route=/api/chambres/recherche | db_user=resa_app_admin | rows=4 | duration_ms=22 | result_user=- | sql=SELECT id, code, ville, tarif FROM chambres WHERE ville = 'Cotonou' AND statut = 'libre' ORDER BY tarif ASC | params=[]
2026-05-05T09:40:55.601Z | req=req-6403 | route=/api/reservations | db_user=resa_app_admin | rows=1 | duration_ms=19 | result_user=- | sql=INSERT INTO reservations (client_id, chambre_id, arrivee, depart) VALUES ($1, $2, $3, $4) RETURNING id | params=[1042, 212, "2026-05-18", "2026-05-20"]
2026-05-05T09:41:10.102Z | req=req-6404 | route=/api/chambres/recherche | db_user=resa_app_admin | rows=2 | duration_ms=28 | result_user=- | sql=SELECT id, code, ville, tarif FROM chambres WHERE ville = 'Dakar' AND statut = 'libre' ORDER BY tarif ASC | params=[]
2026-05-05T09:41:27.455Z | req=req-6405 | route=/api/chambres/recherche | db_user=resa_app_admin | rows=3 | duration_ms=31 | result_user=- | sql=SELECT id, code, ville, tarif FROM chambres WHERE ville = 'Abidjan' AND statut = 'libre' ORDER BY tarif ASC | params=[]
2026-05-05T09:42:03.089Z | req=req-6407 | route=/api/chambres/recherche | db_user=resa_app_admin | rows=1 | duration_ms=10 | result_user=- | sql=SELECT id, code, ville, tarif FROM chambres WHERE ville = 'N''Djamena' AND statut = 'libre' ORDER BY tarif ASC | params=[]
2026-05-05T09:42:34.267Z | req=req-6409 | route=/api/chambres/recherche | db_user=resa_app_admin | rows=3 | duration_ms=16 | result_user=- | sql=SELECT id, code, ville, tarif FROM chambres WHERE ville = 'Cotonou' AND statut = 'libre' ORDER BY tarif ASC | params=[]
2026-05-05T09:43:10.261Z | req=req-6411 | route=/api/chambres/recherche | db_user=resa_app_admin | rows=1 | duration_ms=22 | result_user=- | sql=SELECT id, code, ville, tarif FROM chambres WHERE ville = 'Dakar' AND statut = 'libre' ORDER BY tarif ASC | params=[]
2026-05-05T09:43:29.700Z | req=req-6412 | route=/api/chambres/recherche | db_user=resa_app_admin | rows=2 | duration_ms=25 | result_user=- | sql=SELECT id, code, ville, tarif FROM chambres WHERE ville = 'Abidjan' AND statut = 'libre' ORDER BY tarif ASC | params=[]
2026-05-05T09:43:59.167Z | req=req-6415 | route=/api/reservations | db_user=resa_app_admin | rows=1 | duration_ms=20 | result_user=- | sql=INSERT INTO reservations (client_id, chambre_id, arrivee, depart) VALUES ($1, $2, $3, $4) RETURNING id | params=[1042, 212, "2026-05-18", "2026-05-20"]
2026-05-05T09:44:16.262Z | req=req-6416 | route=/api/chambres/recherche | db_user=resa_app_admin | rows=1 | duration_ms=34 | result_user=- | sql=SELECT id, code, ville, tarif FROM chambres WHERE ville = 'Porto-Novo' AND statut = 'libre' ORDER BY tarif ASC | params=[]
2026-05-05T09:44:35.516Z | req=req-6417 | route=/api/chambres/recherche | db_user=resa_app_admin | rows=2 | duration_ms=10 | result_user=- | sql=SELECT id, code, ville, tarif FROM chambres WHERE ville = 'Cotonou' AND statut = 'libre' ORDER BY tarif ASC | params=[]
2026-05-05T09:44:50.523Z | req=req-6419 | route=/api/reservations | db_user=resa_app_admin | rows=1 | duration_ms=18 | result_user=- | sql=INSERT INTO reservations (client_id, chambre_id, arrivee, depart) VALUES ($1, $2, $3, $4) RETURNING id | params=[1042, 212, "2026-05-18", "2026-05-20"]
2026-05-05T09:45:11.014Z | req=req-6420 | route=/api/chambres/recherche | db_user=resa_app_admin | rows=4 | duration_ms=16 | result_user=- | sql=SELECT id, code, ville, tarif FROM chambres WHERE ville = 'Dakar' AND statut = 'libre' ORDER BY tarif ASC | params=[]
2026-05-05T09:45:58.452Z | req=req-6423 | route=/api/chambres/recherche | db_user=resa_app_admin | rows=3 | duration_ms=25 | result_user=- | sql=SELECT id, code, ville, tarif FROM chambres WHERE ville = 'N''Djamena' AND statut = 'libre' ORDER BY tarif ASC | params=[]
2026-05-05T09:46:49.265Z | req=req-6427 | route=/api/reservations | db_user=resa_app_admin | rows=1 | duration_ms=20 | result_user=- | sql=INSERT INTO reservations (client_id, chambre_id, arrivee, depart) VALUES ($1, $2, $3, $4) RETURNING id | params=[1042, 212, "2026-05-18", "2026-05-20"]
2026-05-05T09:47:26.848Z | req=req-6429 | route=/api/chambres/recherche | db_user=resa_app_admin | rows=4 | duration_ms=13 | result_user=- | sql=SELECT id, code, ville, tarif FROM chambres WHERE ville = 'Abidjan' AND statut = 'libre' ORDER BY tarif ASC | params=[]
2026-05-05T09:47:58.895Z | req=req-6431 | route=/api/chambres/recherche | db_user=resa_app_admin | rows=2 | duration_ms=19 | result_user=- | sql=SELECT id, code, ville, tarif FROM chambres WHERE ville = 'N''Djamena' AND statut = 'libre' ORDER BY tarif ASC | params=[]
2026-05-05T09:48:51.072Z | req=req-6434 | route=/api/chambres/recherche | db_user=resa_app_admin | rows=1 | duration_ms=28 | result_user=- | sql=SELECT id, code, ville, tarif FROM chambres WHERE ville = 'Saint-Louis' AND statut = 'libre' ORDER BY tarif ASC | params=[]
2026-05-05T09:49:09.026Z | req=req-6435 | route=/api/chambres/recherche | db_user=resa_app_admin | rows=2 | duration_ms=31 | result_user=- | sql=SELECT id, code, ville, tarif FROM chambres WHERE ville = 'Dakar' AND statut = 'libre' ORDER BY tarif ASC | params=[]
2026-05-05T09:49:22.291Z | req=req-6436 | route=/api/chambres/recherche | db_user=resa_app_admin | rows=3 | duration_ms=34 | result_user=- | sql=SELECT id, code, ville, tarif FROM chambres WHERE ville = 'Abidjan' AND statut = 'libre' ORDER BY tarif ASC | params=[]
2026-05-05T09:50:00.642Z | req=req-6438 | route=/api/chambres/recherche | db_user=resa_app_admin | rows=1 | duration_ms=13 | result_user=- | sql=SELECT id, code, ville, tarif FROM chambres WHERE ville = 'N''Djamena' AND statut = 'libre' ORDER BY tarif ASC | params=[]
2026-05-05T09:50:30.634Z | req=req-6440 | route=/api/chambres/recherche | db_user=resa_app_admin | rows=3 | duration_ms=19 | result_user=- | sql=SELECT id, code, ville, tarif FROM chambres WHERE ville = 'Cotonou' AND statut = 'libre' ORDER BY tarif ASC | params=[]
2026-05-05T09:50:48.537Z | req=req-6442 | route=/api/reservations | db_user=resa_app_admin | rows=1 | duration_ms=19 | result_user=- | sql=INSERT INTO reservations (client_id, chambre_id, arrivee, depart) VALUES ($1, $2, $3, $4) RETURNING id | params=[1042, 212, "2026-05-18", "2026-05-20"]
2026-05-05T09:51:23.794Z | req=req-6445 | route=/api/reservations | db_user=resa_app_admin | rows=1 | duration_ms=21 | result_user=- | sql=INSERT INTO reservations (client_id, chambre_id, arrivee, depart) VALUES ($1, $2, $3, $4) RETURNING id | params=[1042, 212, "2026-05-18", "2026-05-20"]
2026-05-05T09:51:41.052Z | req=req-6446 | route=/api/chambres/recherche | db_user=resa_app_admin | rows=3 | duration_ms=31 | result_user=- | sql=SELECT id, code, ville, tarif FROM chambres WHERE ville = 'Lome' AND statut = 'libre' ORDER BY tarif ASC | params=[]
2026-05-05T09:52:12.042Z | req=req-6448 | route=/api/chambres/recherche | db_user=resa_app_admin | rows=1 | duration_ms=10 | result_user=- | sql=SELECT id, code, ville, tarif FROM chambres WHERE ville = 'Porto-Novo' AND statut = 'libre' ORDER BY tarif ASC | params=[]
2026-05-05T09:52:46.249Z | req=req-6450 | route=/api/chambres/recherche | db_user=resa_app_admin | rows=3 | duration_ms=16 | result_user=- | sql=SELECT id, code, ville, tarif FROM chambres WHERE ville = 'Saint-Louis' AND statut = 'libre' ORDER BY tarif ASC | params=[]
2026-05-05T09:53:22.534Z | req=req-6452 | route=/api/chambres/recherche | db_user=resa_app_admin | rows=1 | duration_ms=22 | result_user=- | sql=SELECT id, code, ville, tarif FROM chambres WHERE ville = 'Abidjan' AND statut = 'libre' ORDER BY tarif ASC | params=[]
2026-05-05T09:53:40.993Z | req=req-6454 | route=/api/reservations | db_user=resa_app_admin | rows=1 | duration_ms=19 | result_user=- | sql=INSERT INTO reservations (client_id, chambre_id, arrivee, depart) VALUES ($1, $2, $3, $4) RETURNING id | params=[1042, 212, "2026-05-18", "2026-05-20"]
2026-05-05T09:54:15.795Z | req=req-6456 | route=/api/chambres/recherche | db_user=resa_app_admin | rows=4 | duration_ms=31 | result_user=- | sql=SELECT id, code, ville, tarif FROM chambres WHERE ville = 'Porto-Novo' AND statut = 'libre' ORDER BY tarif ASC | params=[]
2026-05-05T09:54:29.607Z | req=req-6457 | route=/api/chambres/recherche | db_user=resa_app_admin | rows=1 | duration_ms=34 | result_user=- | sql=SELECT id, code, ville, tarif FROM chambres WHERE ville = 'Cotonou' AND statut = 'libre' ORDER BY tarif ASC | params=[]
2026-05-05T09:56:46.339Z | req=req-6466 | route=/api/reservations | db_user=resa_app_admin | rows=1 | duration_ms=20 | result_user=- | sql=INSERT INTO reservations (client_id, chambre_id, arrivee, depart) VALUES ($1, $2, $3, $4) RETURNING id | params=[1042, 212, "2026-05-18", "2026-05-20"]
2026-05-05T09:58:47.716Z | req=req-6474 | route=/api/reservations | db_user=resa_app_admin | rows=1 | duration_ms=22 | result_user=- | sql=INSERT INTO reservations (client_id, chambre_id, arrivee, depart) VALUES ($1, $2, $3, $4) RETURNING id | params=[1042, 212, "2026-05-18", "2026-05-20"]
2026-05-05T10:00:42.813Z | req=req-6481 | route=/api/chambres/recherche | db_user=resa_app_admin | rows=3 | duration_ms=19 | result_user=- | sql=SELECT id, code, ville, tarif FROM chambres WHERE ville = 'Saint-Louis' AND statut = 'libre' ORDER BY tarif ASC | params=[]
2026-05-05T10:01:16.535Z | req=req-6483 | route=/api/chambres/recherche | db_user=resa_app_admin | rows=1 | duration_ms=25 | result_user=- | sql=SELECT id, code, ville, tarif FROM chambres WHERE ville = 'Abidjan' AND statut = 'libre' ORDER BY tarif ASC | params=[]
2026-05-05T10:05:14Z | req=req-6495 | route=/connexion | db_user=resa_app_admin | rows=1 | duration_ms=33 | result_user=staff_reception | sql=SELECT id, role FROM comptes WHERE email = 'reception@palmier-or.example' AND motdepasse = '' OR '1'='1' LIMIT 1 | params=[]
2026-05-05T10:08:33Z | req=req-6496 | route=/connexion | db_user=resa_app_admin | rows=1 | duration_ms=33 | result_user=staff_reception | sql=SELECT id, role FROM comptes WHERE email = 'reception@palmier-or.example' AND motdepasse = '' OR '1'='1' LIMIT 1 | params=[]
2026-05-05T10:19:20Z | req=req-6497 | route=/connexion | db_user=resa_app_admin | rows=1 | duration_ms=33 | result_user=staff_reception | sql=SELECT id, role FROM comptes WHERE email = 'reception@palmier-or.example' AND motdepasse = '' OR '1'='1' LIMIT 1 | params=[]