2026-05-08T08:00:01.156Z user=1301 route=/api/apercu?url=https%3A%2F%2Fcdn-brochures.example%2Ftarifs.pdf url=https://cdn-brochures.example/tarifs.pdf status=304 bytes=1700
2026-05-08T08:00:56.778Z user=1302 route=/api/apercu?url=https%3A%2F%2Fphotos-partenaire.example%2Fchambre-superieure.jpg url=https://photos-partenaire.example/chambre-superieure.jpg status=200 bytes=1797
2026-05-08T08:01:46.978Z user=1303 route=/api/apercu?url=https%3A%2F%2Fapi-meteo.example%2Fprevision url=https://api-meteo.example/prevision status=200 bytes=1894
2026-05-08T08:02:43.833Z user=1304 route=/api/apercu?url=https%3A%2F%2Fpaiement-exemple.example%2Flogo.png url=https://paiement-exemple.example/logo.png status=200 bytes=1991
2026-05-08T08:03:33.519Z user=1305 route=/api/apercu?url=https%3A%2F%2Fcdn-brochures.example%2Ftarifs.pdf url=https://cdn-brochures.example/tarifs.pdf status=200 bytes=2088
2026-05-08T08:04:27.447Z user=1306 route=/api/apercu?url=https%3A%2F%2Fphotos-partenaire.example%2Fchambre-superieure.jpg url=https://photos-partenaire.example/chambre-superieure.jpg status=200 bytes=2185
2026-05-08T08:05:13.241Z user=1307 route=/api/apercu?url=https%3A%2F%2Fapi-meteo.example%2Fprevision url=https://api-meteo.example/prevision status=200 bytes=2282
2026-05-08T08:06:06.964Z user=1308 route=/api/apercu?url=https%3A%2F%2Fpaiement-exemple.example%2Flogo.png url=https://paiement-exemple.example/logo.png status=200 bytes=2379
2026-05-08T08:07:02.193Z user=1309 route=/api/apercu?url=https%3A%2F%2Fcdn-brochures.example%2Ftarifs.pdf url=https://cdn-brochures.example/tarifs.pdf status=200 bytes=2476
2026-05-08T08:07:50.258Z user=1310 route=/api/apercu?url=https%3A%2F%2Fphotos-partenaire.example%2Fchambre-superieure.jpg url=https://photos-partenaire.example/chambre-superieure.jpg status=304 bytes=2573
2026-05-08T08:08:47.508Z user=1311 route=/api/apercu?url=https%3A%2F%2Fapi-meteo.example%2Fprevision url=https://api-meteo.example/prevision status=200 bytes=2670
2026-05-08T08:09:39.018Z user=1312 route=/api/apercu?url=https%3A%2F%2Fpaiement-exemple.example%2Flogo.png url=https://paiement-exemple.example/logo.png status=200 bytes=1700
2026-05-08T08:10:28.279Z user=1313 route=/api/apercu?url=https%3A%2F%2Fcdn-brochures.example%2Ftarifs.pdf url=https://cdn-brochures.example/tarifs.pdf status=200 bytes=1797
2026-05-08T08:11:21.499Z user=1314 route=/api/apercu?url=https%3A%2F%2Fphotos-partenaire.example%2Fchambre-superieure.jpg url=https://photos-partenaire.example/chambre-superieure.jpg status=200 bytes=1894
2026-05-08T08:12:15.128Z user=1315 route=/api/apercu?url=https%3A%2F%2Fapi-meteo.example%2Fprevision url=https://api-meteo.example/prevision status=200 bytes=1991
2026-05-08T08:13:04.815Z user=1316 route=/api/apercu?url=https%3A%2F%2Fpaiement-exemple.example%2Flogo.png url=https://paiement-exemple.example/logo.png status=200 bytes=2088
2026-05-08T08:13:52.443Z user=1317 route=/api/apercu?url=https%3A%2F%2Fcdn-brochures.example%2Ftarifs.pdf url=https://cdn-brochures.example/tarifs.pdf status=200 bytes=2185
2026-05-08T08:14:49.745Z user=1318 route=/api/apercu?url=https%3A%2F%2Fphotos-partenaire.example%2Fchambre-superieure.jpg url=https://photos-partenaire.example/chambre-superieure.jpg status=200 bytes=2282
2026-05-08T08:15:39.629Z user=1319 route=/api/apercu?url=https%3A%2F%2Fapi-meteo.example%2Fprevision url=https://api-meteo.example/prevision status=304 bytes=2379
2026-05-08T08:16:29.431Z user=1320 route=/api/apercu?url=https%3A%2F%2Fpaiement-exemple.example%2Flogo.png url=https://paiement-exemple.example/logo.png status=200 bytes=2476
2026-05-08T08:17:27.825Z user=1321 route=/api/apercu?url=https%3A%2F%2Fcdn-brochures.example%2Ftarifs.pdf url=https://cdn-brochures.example/tarifs.pdf status=200 bytes=2573
2026-05-08T08:18:14.444Z user=1322 route=/api/apercu?url=https%3A%2F%2Fphotos-partenaire.example%2Fchambre-superieure.jpg url=https://photos-partenaire.example/chambre-superieure.jpg status=200 bytes=2670
2026-05-08T08:19:08.586Z user=1323 route=/api/apercu?url=https%3A%2F%2Fapi-meteo.example%2Fprevision url=https://api-meteo.example/prevision status=200 bytes=1700
2026-05-08T08:19:56.089Z user=1324 route=/api/apercu?url=https%3A%2F%2Fpaiement-exemple.example%2Flogo.png url=https://paiement-exemple.example/logo.png status=200 bytes=1797
2026-05-08T08:20:49.564Z user=1325 route=/api/apercu?url=https%3A%2F%2Fcdn-brochures.example%2Ftarifs.pdf url=https://cdn-brochures.example/tarifs.pdf status=200 bytes=1894
2026-05-08T08:21:46.855Z user=1326 route=/api/apercu?url=https%3A%2F%2Fphotos-partenaire.example%2Fchambre-superieure.jpg url=https://photos-partenaire.example/chambre-superieure.jpg status=200 bytes=1991
2026-05-08T08:22:32.287Z user=1327 route=/api/apercu?url=https%3A%2F%2Fapi-meteo.example%2Fprevision url=https://api-meteo.example/prevision status=200 bytes=2088
2026-05-08T08:23:28.237Z user=1328 route=/api/apercu?url=https%3A%2F%2Fpaiement-exemple.example%2Flogo.png url=https://paiement-exemple.example/logo.png status=304 bytes=2185
2026-05-08T08:24:20.888Z user=1301 route=/api/apercu?url=https%3A%2F%2Fcdn-brochures.example%2Ftarifs.pdf url=https://cdn-brochures.example/tarifs.pdf status=200 bytes=2282
2026-05-08T08:25:09.032Z user=1302 route=/api/apercu?url=https%3A%2F%2Fphotos-partenaire.example%2Fchambre-superieure.jpg url=https://photos-partenaire.example/chambre-superieure.jpg status=200 bytes=2379
2026-05-08T08:26:01.178Z user=1303 route=/api/apercu?url=https%3A%2F%2Fapi-meteo.example%2Fprevision url=https://api-meteo.example/prevision status=200 bytes=2476
2026-05-08T08:26:55.823Z user=1304 route=/api/apercu?url=https%3A%2F%2Fpaiement-exemple.example%2Flogo.png url=https://paiement-exemple.example/logo.png status=200 bytes=2573
2026-05-08T08:27:46.306Z user=1305 route=/api/apercu?url=https%3A%2F%2Fcdn-brochures.example%2Ftarifs.pdf url=https://cdn-brochures.example/tarifs.pdf status=200 bytes=2670
2026-05-08T08:28:42.664Z user=1306 route=/api/apercu?url=https%3A%2F%2Fphotos-partenaire.example%2Fchambre-superieure.jpg url=https://photos-partenaire.example/chambre-superieure.jpg status=200 bytes=1700
2026-05-08T08:29:33.962Z user=1307 route=/api/apercu?url=https%3A%2F%2Fapi-meteo.example%2Fprevision url=https://api-meteo.example/prevision status=200 bytes=1797
2026-05-08T08:30:26.157Z user=1308 route=/api/apercu?url=https%3A%2F%2Fpaiement-exemple.example%2Flogo.png url=https://paiement-exemple.example/logo.png status=200 bytes=1894
2026-05-08T08:31:17.743Z user=1309 route=/api/apercu?url=https%3A%2F%2Fcdn-brochures.example%2Ftarifs.pdf url=https://cdn-brochures.example/tarifs.pdf status=304 bytes=1991
2026-05-08T08:32:09.181Z user=1310 route=/api/apercu?url=https%3A%2F%2Fphotos-partenaire.example%2Fchambre-superieure.jpg url=https://photos-partenaire.example/chambre-superieure.jpg status=200 bytes=2088
2026-05-08T08:32:57.098Z user=1311 route=/api/apercu?url=https%3A%2F%2Fapi-meteo.example%2Fprevision url=https://api-meteo.example/prevision status=200 bytes=2185
2026-05-08T08:33:53.152Z user=1312 route=/api/apercu?url=https%3A%2F%2Fpaiement-exemple.example%2Flogo.png url=https://paiement-exemple.example/logo.png status=200 bytes=2282
2026-05-08T08:34:46.987Z user=1313 route=/api/apercu?url=https%3A%2F%2Fcdn-brochures.example%2Ftarifs.pdf url=https://cdn-brochures.example/tarifs.pdf status=200 bytes=2379
2026-05-08T08:35:36.765Z user=1314 route=/api/apercu?url=https%3A%2F%2Fphotos-partenaire.example%2Fchambre-superieure.jpg url=https://photos-partenaire.example/chambre-superieure.jpg status=200 bytes=2476
2026-05-08T08:36:31.133Z user=1315 route=/api/apercu?url=https%3A%2F%2Fapi-meteo.example%2Fprevision url=https://api-meteo.example/prevision status=200 bytes=2573
2026-05-08T08:37:16.699Z user=1316 route=/api/apercu?url=https%3A%2F%2Fpaiement-exemple.example%2Flogo.png url=https://paiement-exemple.example/logo.png status=200 bytes=2670
2026-05-08T08:38:10.924Z user=1317 route=/api/apercu?url=https%3A%2F%2Fcdn-brochures.example%2Ftarifs.pdf url=https://cdn-brochures.example/tarifs.pdf status=200 bytes=1700
2026-05-08T08:39:03.582Z user=1318 route=/api/apercu?url=https%3A%2F%2Fphotos-partenaire.example%2Fchambre-superieure.jpg url=https://photos-partenaire.example/chambre-superieure.jpg status=304 bytes=1797
2026-05-08T08:39:52.178Z user=1319 route=/api/apercu?url=https%3A%2F%2Fapi-meteo.example%2Fprevision url=https://api-meteo.example/prevision status=200 bytes=1894
2026-05-08T08:40:50.996Z user=1320 route=/api/apercu?url=https%3A%2F%2Fpaiement-exemple.example%2Flogo.png url=https://paiement-exemple.example/logo.png status=200 bytes=1991
2026-05-08T08:41:38.787Z user=1321 route=/api/apercu?url=https%3A%2F%2Fcdn-brochures.example%2Ftarifs.pdf url=https://cdn-brochures.example/tarifs.pdf status=200 bytes=2088
2026-05-08T08:42:28.009Z user=1322 route=/api/apercu?url=https%3A%2F%2Fphotos-partenaire.example%2Fchambre-superieure.jpg url=https://photos-partenaire.example/chambre-superieure.jpg status=200 bytes=2185
2026-05-08T08:43:21.685Z user=1323 route=/api/apercu?url=https%3A%2F%2Fapi-meteo.example%2Fprevision url=https://api-meteo.example/prevision status=200 bytes=2282
2026-05-08T08:44:19.830Z user=1324 route=/api/apercu?url=https%3A%2F%2Fpaiement-exemple.example%2Flogo.png url=https://paiement-exemple.example/logo.png status=200 bytes=2379
2026-05-08T08:45:11.188Z user=1325 route=/api/apercu?url=https%3A%2F%2Fcdn-brochures.example%2Ftarifs.pdf url=https://cdn-brochures.example/tarifs.pdf status=200 bytes=2476
2026-05-08T08:45:58.439Z user=1326 route=/api/apercu?url=https%3A%2F%2Fphotos-partenaire.example%2Fchambre-superieure.jpg url=https://photos-partenaire.example/chambre-superieure.jpg status=200 bytes=2573
2026-05-08T08:46:53.052Z user=1327 route=/api/apercu?url=https%3A%2F%2Fapi-meteo.example%2Fprevision url=https://api-meteo.example/prevision status=304 bytes=2670
2026-05-08T08:47:43.903Z user=1328 route=/api/apercu?url=https%3A%2F%2Fpaiement-exemple.example%2Flogo.png url=https://paiement-exemple.example/logo.png status=200 bytes=1700
2026-05-08T08:48:34.739Z user=1301 route=/api/apercu?url=https%3A%2F%2Fcdn-brochures.example%2Ftarifs.pdf url=https://cdn-brochures.example/tarifs.pdf status=200 bytes=1797
2026-05-08T08:49:30.842Z user=1302 route=/api/apercu?url=https%3A%2F%2Fphotos-partenaire.example%2Fchambre-superieure.jpg url=https://photos-partenaire.example/chambre-superieure.jpg status=200 bytes=1894
2026-05-08T08:50:22.643Z user=1303 route=/api/apercu?url=https%3A%2F%2Fapi-meteo.example%2Fprevision url=https://api-meteo.example/prevision status=200 bytes=1991
2026-05-08T08:51:09.561Z user=1304 route=/api/apercu?url=https%3A%2F%2Fpaiement-exemple.example%2Flogo.png url=https://paiement-exemple.example/logo.png status=200 bytes=2088
2026-05-08T08:52:07.406Z user=1305 route=/api/apercu?url=https%3A%2F%2Fcdn-brochures.example%2Ftarifs.pdf url=https://cdn-brochures.example/tarifs.pdf status=200 bytes=2185
2026-05-08T08:52:57.221Z user=1306 route=/api/apercu?url=https%3A%2F%2Fphotos-partenaire.example%2Fchambre-superieure.jpg url=https://photos-partenaire.example/chambre-superieure.jpg status=200 bytes=2282
2026-05-08T08:53:47.862Z user=1307 route=/api/apercu?url=https%3A%2F%2Fapi-meteo.example%2Fprevision url=https://api-meteo.example/prevision status=200 bytes=2379
2026-05-08T08:54:38.732Z user=1308 route=/api/apercu?url=https%3A%2F%2Fpaiement-exemple.example%2Flogo.png url=https://paiement-exemple.example/logo.png status=304 bytes=2476
2026-05-08T08:55:29.936Z user=1309 route=/api/apercu?url=https%3A%2F%2Fcdn-brochures.example%2Ftarifs.pdf url=https://cdn-brochures.example/tarifs.pdf status=200 bytes=2573
2026-05-08T08:56:23.395Z user=1310 route=/api/apercu?url=https%3A%2F%2Fphotos-partenaire.example%2Fchambre-superieure.jpg url=https://photos-partenaire.example/chambre-superieure.jpg status=200 bytes=2670
2026-05-08T08:57:16.664Z user=1311 route=/api/apercu?url=https%3A%2F%2Fapi-meteo.example%2Fprevision url=https://api-meteo.example/prevision status=200 bytes=1700
2026-05-08T08:58:08.300Z user=1312 route=/api/apercu?url=https%3A%2F%2Fpaiement-exemple.example%2Flogo.png url=https://paiement-exemple.example/logo.png status=200 bytes=1797
2026-05-08T08:58:56.008Z user=1313 route=/api/apercu?url=https%3A%2F%2Fcdn-brochures.example%2Ftarifs.pdf url=https://cdn-brochures.example/tarifs.pdf status=200 bytes=1894
2026-05-08T08:59:53.238Z user=1314 route=/api/apercu?url=https%3A%2F%2Fphotos-partenaire.example%2Fchambre-superieure.jpg url=https://photos-partenaire.example/chambre-superieure.jpg status=200 bytes=1991
2026-05-08T09:00:45.444Z user=1315 route=/api/apercu?url=https%3A%2F%2Fapi-meteo.example%2Fprevision url=https://api-meteo.example/prevision status=200 bytes=2088
2026-05-08T09:01:35.073Z user=1316 route=/api/apercu?url=https%3A%2F%2Fpaiement-exemple.example%2Flogo.png url=https://paiement-exemple.example/logo.png status=200 bytes=2185
2026-05-08T09:02:27.650Z user=1317 route=/api/apercu?url=https%3A%2F%2Fcdn-brochures.example%2Ftarifs.pdf url=https://cdn-brochures.example/tarifs.pdf status=304 bytes=2282
2026-05-08T09:03:11Z user=1318 route=/api/apercu?url=http%3A%2F%2F172.20.20.15%3A8080%2Fhealth url=http://172.20.20.15:8080/health status=200 bytes=412
2026-05-08T09:03:20.029Z user=1318 route=/api/apercu?url=https%3A%2F%2Fphotos-partenaire.example%2Fchambre-superieure.jpg url=https://photos-partenaire.example/chambre-superieure.jpg status=200 bytes=2379
2026-05-08T09:04:08.340Z user=1319 route=/api/apercu?url=https%3A%2F%2Fapi-meteo.example%2Fprevision url=https://api-meteo.example/prevision status=200 bytes=2476
2026-05-08T09:04:20Z user=1318 route=/api/apercu?url=http%3A%2F%2F127.0.0.1%3A3000%2Fdebug url=http://127.0.0.1:3000/debug status=200 bytes=388
2026-05-08T09:05:03.961Z user=1320 route=/api/apercu?url=https%3A%2F%2Fpaiement-exemple.example%2Flogo.png url=https://paiement-exemple.example/logo.png status=200 bytes=2573
2026-05-08T09:05:30Z user=1318 route=/api/apercu?url=http%3A%2F%2F169.254.169.254%2Flatest%2Fmeta-data%2Fiam%2Finfo url=http://169.254.169.254/latest/meta-data/iam/info status=200 bytes=2048
2026-05-08T09:05:52.025Z user=1321 route=/api/apercu?url=https%3A%2F%2Fcdn-brochures.example%2Ftarifs.pdf url=https://cdn-brochures.example/tarifs.pdf status=200 bytes=2670
2026-05-08T09:06:10Z user=1318 route=/api/apercu?url=http%3A%2F%2F169.254.169.254%2Flatest%2Fmeta-data%2Finstance-id url=http://169.254.169.254/latest/meta-data/instance-id status=200 bytes=2048
2026-05-08T09:06:50.463Z user=1322 route=/api/apercu?url=https%3A%2F%2Fphotos-partenaire.example%2Fchambre-superieure.jpg url=https://photos-partenaire.example/chambre-superieure.jpg status=200 bytes=1700
2026-05-08T09:06:55Z user=1318 route=/api/apercu?url=http%3A%2F%2F10.30.50.25%3A8081%2Fcache url=http://10.30.50.25:8081/cache status=502 bytes=150
2026-05-08T09:07:22Z user=1318 route=/api/apercu?url=http%3A%2F%2F172.20.20.18%3A9090%2Fmetrics url=http://172.20.20.18:9090/metrics status=403 bytes=221
2026-05-08T09:07:42.746Z user=1323 route=/api/apercu?url=https%3A%2F%2Fapi-meteo.example%2Fprevision url=https://api-meteo.example/prevision status=200 bytes=1797
2026-05-08T09:08:01Z user=1318 route=/api/apercu?url=http%3A%2F%2F169.254.169.254%2Flatest%2Fmeta-data%2Fiam%2Fsecurity-credentials%2F url=http://169.254.169.254/latest/meta-data/iam/security-credentials/ status=200 bytes=3120
2026-05-08T09:08:30.060Z user=1324 route=/api/apercu?url=https%3A%2F%2Fpaiement-exemple.example%2Flogo.png url=https://paiement-exemple.example/logo.png status=200 bytes=1894
2026-05-08T09:09:10Z user=1324 route=/api/apercu?url=http%3A%2F%2F172.20.20.19%3A8080%2Fstatus url=http://172.20.20.19:8080/status status=200 bytes=455
2026-05-08T09:09:23.548Z user=1325 route=/api/apercu?url=https%3A%2F%2Fcdn-brochures.example%2Ftarifs.pdf url=https://cdn-brochures.example/tarifs.pdf status=200 bytes=1991
2026-05-08T09:10:12.869Z user=1326 route=/api/apercu?url=https%3A%2F%2Fphotos-partenaire.example%2Fchambre-superieure.jpg url=https://photos-partenaire.example/chambre-superieure.jpg status=304 bytes=2088
2026-05-08T09:11:05.378Z user=1327 route=/api/apercu?url=https%3A%2F%2Fapi-meteo.example%2Fprevision url=https://api-meteo.example/prevision status=200 bytes=2185
2026-05-08T09:11:56.626Z user=1328 route=/api/apercu?url=https%3A%2F%2Fpaiement-exemple.example%2Flogo.png url=https://paiement-exemple.example/logo.png status=200 bytes=2282
2026-05-08T09:12:49.284Z user=1301 route=/api/apercu?url=https%3A%2F%2Fcdn-brochures.example%2Ftarifs.pdf url=https://cdn-brochures.example/tarifs.pdf status=200 bytes=2379
2026-05-08T09:13:45.606Z user=1302 route=/api/apercu?url=https%3A%2F%2Fphotos-partenaire.example%2Fchambre-superieure.jpg url=https://photos-partenaire.example/chambre-superieure.jpg status=200 bytes=2476
2026-05-08T09:14:38.122Z user=1303 route=/api/apercu?url=https%3A%2F%2Fapi-meteo.example%2Fprevision url=https://api-meteo.example/prevision status=200 bytes=2573
2026-05-08T09:15:30.744Z user=1304 route=/api/apercu?url=https%3A%2F%2Fpaiement-exemple.example%2Flogo.png url=https://paiement-exemple.example/logo.png status=200 bytes=2670
2026-05-08T09:16:21.932Z user=1305 route=/api/apercu?url=https%3A%2F%2Fcdn-brochures.example%2Ftarifs.pdf url=https://cdn-brochures.example/tarifs.pdf status=200 bytes=1700
2026-05-08T09:17:11.529Z user=1306 route=/api/apercu?url=https%3A%2F%2Fphotos-partenaire.example%2Fchambre-superieure.jpg url=https://photos-partenaire.example/chambre-superieure.jpg status=200 bytes=1797
2026-05-08T09:18:04.206Z user=1307 route=/api/apercu?url=https%3A%2F%2Fapi-meteo.example%2Fprevision url=https://api-meteo.example/prevision status=304 bytes=1894
2026-05-08T09:18:59.043Z user=1308 route=/api/apercu?url=https%3A%2F%2Fpaiement-exemple.example%2Flogo.png url=https://paiement-exemple.example/logo.png status=200 bytes=1991
2026-05-08T09:19:48.857Z user=1309 route=/api/apercu?url=https%3A%2F%2Fcdn-brochures.example%2Ftarifs.pdf url=https://cdn-brochures.example/tarifs.pdf status=200 bytes=2088
2026-05-08T09:20:41.480Z user=1310 route=/api/apercu?url=https%3A%2F%2Fphotos-partenaire.example%2Fchambre-superieure.jpg url=https://photos-partenaire.example/chambre-superieure.jpg status=200 bytes=2185
2026-05-08T09:21:34.328Z user=1311 route=/api/apercu?url=https%3A%2F%2Fapi-meteo.example%2Fprevision url=https://api-meteo.example/prevision status=200 bytes=2282
2026-05-08T09:22:26.243Z user=1312 route=/api/apercu?url=https%3A%2F%2Fpaiement-exemple.example%2Flogo.png url=https://paiement-exemple.example/logo.png status=200 bytes=2379
2026-05-08T09:23:14.317Z user=1313 route=/api/apercu?url=https%3A%2F%2Fcdn-brochures.example%2Ftarifs.pdf url=https://cdn-brochures.example/tarifs.pdf status=200 bytes=2476
2026-05-08T09:24:09.555Z user=1314 route=/api/apercu?url=https%3A%2F%2Fphotos-partenaire.example%2Fchambre-superieure.jpg url=https://photos-partenaire.example/chambre-superieure.jpg status=200 bytes=2573
2026-05-08T09:25:03.143Z user=1315 route=/api/apercu?url=https%3A%2F%2Fapi-meteo.example%2Fprevision url=https://api-meteo.example/prevision status=200 bytes=2670
2026-05-08T09:25:55.475Z user=1316 route=/api/apercu?url=https%3A%2F%2Fpaiement-exemple.example%2Flogo.png url=https://paiement-exemple.example/logo.png status=304 bytes=1700
2026-05-08T09:26:41.564Z user=1317 route=/api/apercu?url=https%3A%2F%2Fcdn-brochures.example%2Ftarifs.pdf url=https://cdn-brochures.example/tarifs.pdf status=200 bytes=1797
2026-05-08T09:27:32.805Z user=1318 route=/api/apercu?url=https%3A%2F%2Fphotos-partenaire.example%2Fchambre-superieure.jpg url=https://photos-partenaire.example/chambre-superieure.jpg status=200 bytes=1894
2026-05-08T09:28:27.418Z user=1319 route=/api/apercu?url=https%3A%2F%2Fapi-meteo.example%2Fprevision url=https://api-meteo.example/prevision status=200 bytes=1991
2026-05-08T09:29:20.066Z user=1320 route=/api/apercu?url=https%3A%2F%2Fpaiement-exemple.example%2Flogo.png url=https://paiement-exemple.example/logo.png status=200 bytes=2088
2026-05-08T09:30:11.432Z user=1321 route=/api/apercu?url=https%3A%2F%2Fcdn-brochures.example%2Ftarifs.pdf url=https://cdn-brochures.example/tarifs.pdf status=200 bytes=2185
2026-05-08T09:31:04.542Z user=1322 route=/api/apercu?url=https%3A%2F%2Fphotos-partenaire.example%2Fchambre-superieure.jpg url=https://photos-partenaire.example/chambre-superieure.jpg status=200 bytes=2282
2026-05-08T09:31:57.949Z user=1323 route=/api/apercu?url=https%3A%2F%2Fapi-meteo.example%2Fprevision url=https://api-meteo.example/prevision status=200 bytes=2379
2026-05-08T09:32:44.770Z user=1324 route=/api/apercu?url=https%3A%2F%2Fpaiement-exemple.example%2Flogo.png url=https://paiement-exemple.example/logo.png status=200 bytes=2476
2026-05-08T09:33:38.424Z user=1325 route=/api/apercu?url=https%3A%2F%2Fcdn-brochures.example%2Ftarifs.pdf url=https://cdn-brochures.example/tarifs.pdf status=304 bytes=2573
2026-05-08T09:34:34.664Z user=1326 route=/api/apercu?url=https%3A%2F%2Fphotos-partenaire.example%2Fchambre-superieure.jpg url=https://photos-partenaire.example/chambre-superieure.jpg status=200 bytes=2670
2026-05-08T09:35:23.648Z user=1327 route=/api/apercu?url=https%3A%2F%2Fapi-meteo.example%2Fprevision url=https://api-meteo.example/prevision status=200 bytes=1700
2026-05-08T09:36:17.625Z user=1328 route=/api/apercu?url=https%3A%2F%2Fpaiement-exemple.example%2Flogo.png url=https://paiement-exemple.example/logo.png status=200 bytes=1797
2026-05-08T09:37:08.814Z user=1301 route=/api/apercu?url=https%3A%2F%2Fcdn-brochures.example%2Ftarifs.pdf url=https://cdn-brochures.example/tarifs.pdf status=200 bytes=1894
2026-05-08T09:38:01.982Z user=1302 route=/api/apercu?url=https%3A%2F%2Fphotos-partenaire.example%2Fchambre-superieure.jpg url=https://photos-partenaire.example/chambre-superieure.jpg status=200 bytes=1991
2026-05-08T09:38:48.529Z user=1303 route=/api/apercu?url=https%3A%2F%2Fapi-meteo.example%2Fprevision url=https://api-meteo.example/prevision status=200 bytes=2088
2026-05-08T09:39:44.160Z user=1304 route=/api/apercu?url=https%3A%2F%2Fpaiement-exemple.example%2Flogo.png url=https://paiement-exemple.example/logo.png status=200 bytes=2185
2026-05-08T09:40:39.499Z user=1305 route=/api/apercu?url=https%3A%2F%2Fcdn-brochures.example%2Ftarifs.pdf url=https://cdn-brochures.example/tarifs.pdf status=200 bytes=2282
2026-05-08T09:41:26.952Z user=1306 route=/api/apercu?url=https%3A%2F%2Fphotos-partenaire.example%2Fchambre-superieure.jpg url=https://photos-partenaire.example/chambre-superieure.jpg status=304 bytes=2379
2026-05-08T09:42:18.343Z user=1307 route=/api/apercu?url=https%3A%2F%2Fapi-meteo.example%2Fprevision url=https://api-meteo.example/prevision status=200 bytes=2476
2026-05-08T09:43:14.048Z user=1308 route=/api/apercu?url=https%3A%2F%2Fpaiement-exemple.example%2Flogo.png url=https://paiement-exemple.example/logo.png status=200 bytes=2573
2026-05-08T09:44:01.986Z user=1309 route=/api/apercu?url=https%3A%2F%2Fcdn-brochures.example%2Ftarifs.pdf url=https://cdn-brochures.example/tarifs.pdf status=200 bytes=2670
2026-05-08T09:44:52.273Z user=1310 route=/api/apercu?url=https%3A%2F%2Fphotos-partenaire.example%2Fchambre-superieure.jpg url=https://photos-partenaire.example/chambre-superieure.jpg status=200 bytes=1700
2026-05-08T09:45:51.201Z user=1311 route=/api/apercu?url=https%3A%2F%2Fapi-meteo.example%2Fprevision url=https://api-meteo.example/prevision status=200 bytes=1797
2026-05-08T09:46:37.701Z user=1312 route=/api/apercu?url=https%3A%2F%2Fpaiement-exemple.example%2Flogo.png url=https://paiement-exemple.example/logo.png status=200 bytes=1894
2026-05-08T09:47:33.359Z user=1313 route=/api/apercu?url=https%3A%2F%2Fcdn-brochures.example%2Ftarifs.pdf url=https://cdn-brochures.example/tarifs.pdf status=200 bytes=1991
2026-05-08T09:48:24.416Z user=1314 route=/api/apercu?url=https%3A%2F%2Fphotos-partenaire.example%2Fchambre-superieure.jpg url=https://photos-partenaire.example/chambre-superieure.jpg status=200 bytes=2088
